Archive member included to satisfy reference by file (symbol)

c:/program files (x86)/gnu tools arm embedded/6 2017-q2-update/bin/../lib/gcc/arm-none-eabi/6.3.1/../../../../arm-none-eabi/lib/thumb/v6-m\libc.a(lib_a-calloc.o)
                              ./BUILD/STEVAL_IDB007V1/GCC_ARM/mbed-os/features/mbedtls/src/asn1parse.o (calloc)
c:/program files (x86)/gnu tools arm embedded/6 2017-q2-update/bin/../lib/gcc/arm-none-eabi/6.3.1/../../../../arm-none-eabi/lib/thumb/v6-m\libc.a(lib_a-callocr.o)
                              ./BUILD/STEVAL_IDB007V1/GCC_ARM/mbed-os/platform/mbed_alloc_wrappers.o (_calloc_r)
c:/program files (x86)/gnu tools arm embedded/6 2017-q2-update/bin/../lib/gcc/arm-none-eabi/6.3.1/../../../../arm-none-eabi/lib/thumb/v6-m\libc.a(lib_a-errno.o)
                              ./BUILD/STEVAL_IDB007V1/GCC_ARM/mbed-os/platform/Stream.o (__errno)
c:/program files (x86)/gnu tools arm embedded/6 2017-q2-update/bin/../lib/gcc/arm-none-eabi/6.3.1/../../../../arm-none-eabi/lib/thumb/v6-m\libc.a(lib_a-fclose.o)
                              ./BUILD/STEVAL_IDB007V1/GCC_ARM/mbed-os/platform/Stream.o (fclose)
c:/program files (x86)/gnu tools arm embedded/6 2017-q2-update/bin/../lib/gcc/arm-none-eabi/6.3.1/../../../../arm-none-eabi/lib/thumb/v6-m\libc.a(lib_a-fflush.o)
                              c:/program files (x86)/gnu tools arm embedded/6 2017-q2-update/bin/../lib/gcc/arm-none-eabi/6.3.1/../../../../arm-none-eabi/lib/thumb/v6-m\libc.a(lib_a-fclose.o) (__sflush_r)
c:/program files (x86)/gnu tools arm embedded/6 2017-q2-update/bin/../lib/gcc/arm-none-eabi/6.3.1/../../../../arm-none-eabi/lib/thumb/v6-m\libc.a(lib_a-fgetc.o)
                              ./BUILD/STEVAL_IDB007V1/GCC_ARM/mbed-os/platform/mbed_retarget.o (fgetc)
c:/program files (x86)/gnu tools arm embedded/6 2017-q2-update/bin/../lib/gcc/arm-none-eabi/6.3.1/../../../../arm-none-eabi/lib/thumb/v6-m\libc.a(lib_a-fgets.o)
                              ./BUILD/STEVAL_IDB007V1/GCC_ARM/mbed-os/platform/mbed_retarget.o (fgets)
c:/program files (x86)/gnu tools arm embedded/6 2017-q2-update/bin/../lib/gcc/arm-none-eabi/6.3.1/../../../../arm-none-eabi/lib/thumb/v6-m\libc.a(lib_a-findfp.o)
                              c:/program files (x86)/gnu tools arm embedded/6 2017-q2-update/bin/../lib/gcc/arm-none-eabi/6.3.1/../../../../arm-none-eabi/lib/thumb/v6-m\libc.a(lib_a-fclose.o) (__sinit)
c:/program files (x86)/gnu tools arm embedded/6 2017-q2-update/bin/../lib/gcc/arm-none-eabi/6.3.1/../../../../arm-none-eabi/lib/thumb/v6-m\libc.a(lib_a-fopen.o)
                              ./BUILD/STEVAL_IDB007V1/GCC_ARM/mbed-os/platform/mbed_retarget.o (fopen)
c:/program files (x86)/gnu tools arm embedded/6 2017-q2-update/bin/../lib/gcc/arm-none-eabi/6.3.1/../../../../arm-none-eabi/lib/thumb/v6-m\libc.a(lib_a-fputc.o)
                              ./BUILD/STEVAL_IDB007V1/GCC_ARM/mbed-os/platform/Stream.o (fputc)
c:/program files (x86)/gnu tools arm embedded/6 2017-q2-update/bin/../lib/gcc/arm-none-eabi/6.3.1/../../../../arm-none-eabi/lib/thumb/v6-m\libc.a(lib_a-fputs.o)
                              ./BUILD/STEVAL_IDB007V1/GCC_ARM/mbed-os/platform/Stream.o (fputs)
c:/program files (x86)/gnu tools arm embedded/6 2017-q2-update/bin/../lib/gcc/arm-none-eabi/6.3.1/../../../../arm-none-eabi/lib/thumb/v6-m\libc.a(lib_a-freer.o)
                              ./BUILD/STEVAL_IDB007V1/GCC_ARM/mbed-os/platform/mbed_alloc_wrappers.o (_free_r)
c:/program files (x86)/gnu tools arm embedded/6 2017-q2-update/bin/../lib/gcc/arm-none-eabi/6.3.1/../../../../arm-none-eabi/lib/thumb/v6-m\libc.a(lib_a-fseek.o)
                              c:/program files (x86)/gnu tools arm embedded/6 2017-q2-update/bin/../lib/gcc/arm-none-eabi/6.3.1/../../../../arm-none-eabi/lib/thumb/v6-m\libc.a(lib_a-fopen.o) (_fseek_r)
c:/program files (x86)/gnu tools arm embedded/6 2017-q2-update/bin/../lib/gcc/arm-none-eabi/6.3.1/../../../../arm-none-eabi/lib/thumb/v6-m\libc.a(lib_a-fseeko.o)
                              c:/program files (x86)/gnu tools arm embedded/6 2017-q2-update/bin/../lib/gcc/arm-none-eabi/6.3.1/../../../../arm-none-eabi/lib/thumb/v6-m\libc.a(lib_a-fseek.o) (_fseeko_r)
c:/program files (x86)/gnu tools arm embedded/6 2017-q2-update/bin/../lib/gcc/arm-none-eabi/6.3.1/../../../../arm-none-eabi/lib/thumb/v6-m\libc.a(lib_a-fstatr.o)
                              c:/program files (x86)/gnu tools arm embedded/6 2017-q2-update/bin/../lib/gcc/arm-none-eabi/6.3.1/../../../../arm-none-eabi/lib/thumb/v6-m\libc.a(lib_a-fseeko.o) (_fstat_r)
c:/program files (x86)/gnu tools arm embedded/6 2017-q2-update/bin/../lib/gcc/arm-none-eabi/6.3.1/../../../../arm-none-eabi/lib/thumb/v6-m\libc.a(lib_a-fvwrite.o)
                              c:/program files (x86)/gnu tools arm embedded/6 2017-q2-update/bin/../lib/gcc/arm-none-eabi/6.3.1/../../../../arm-none-eabi/lib/thumb/v6-m\libc.a(lib_a-fputs.o) (__sfvwrite_r)
[...]
Memory Configuration

Name             Origin             Length             Attributes
FLASH            0x10040000         0x00028000         xr
RAM              0x20000000         0x00006000         xrw
*default*        0x00000000         0xffffffff

Linker script and memory map

LOAD c:/program files (x86)/gnu tools arm embedded/6 2017-q2-update/bin/../lib/gcc/arm-none-eabi/6.3.1/thumb/v6-m/crti.o
LOAD c:/program files (x86)/gnu tools arm embedded/6 2017-q2-update/bin/../lib/gcc/arm-none-eabi/6.3.1/thumb/v6-m/crtbegin.o
LOAD c:/program files (x86)/gnu tools arm embedded/6 2017-q2-update/bin/../lib/gcc/arm-none-eabi/6.3.1/../../../../arm-none-eabi/lib/thumb/v6-m/crt0.o
LOAD ./BUILD/STEVAL_IDB007V1/GCC_ARM/./main.o
LOAD ./BUILD/STEVAL_IDB007V1/GCC_ARM/./test_env.o
LOAD ./BUILD/STEVAL_IDB007V1/GCC_ARM/mbed-os/drivers/AnalogIn.o
LOAD ./BUILD/STEVAL_IDB007V1/GCC_ARM/mbed-os/drivers/BusIn.o
LOAD ./BUILD/STEVAL_IDB007V1/GCC_ARM/mbed-os/drivers/BusInOut.o
LOAD ./BUILD/STEVAL_IDB007V1/GCC_ARM/mbed-os/drivers/BusOut.o
LOAD ./BUILD/STEVAL_IDB007V1/GCC_ARM/mbed-os/drivers/CAN.o
LOAD ./BUILD/STEVAL_IDB007V1/GCC_ARM/mbed-os/drivers/Ethernet.o
LOAD ./BUILD/STEVAL_IDB007V1/GCC_ARM/mbed-os/drivers/FlashIAP.o
LOAD ./BUILD/STEVAL_IDB007V1/GCC_ARM/mbed-os/drivers/I2C.o
LOAD ./BUILD/STEVAL_IDB007V1/GCC_ARM/mbed-os/drivers/I2CSlave.o
LOAD ./BUILD/STEVAL_IDB007V1/GCC_ARM/mbed-os/drivers/InterruptIn.o
LOAD ./BUILD/STEVAL_IDB007V1/GCC_ARM/mbed-os/drivers/InterruptManager.o
LOAD ./BUILD/STEVAL_IDB007V1/GCC_ARM/mbed-os/drivers/RawSerial.o
LOAD ./BUILD/STEVAL_IDB007V1/GCC_ARM/mbed-os/drivers/SPI.o
LOAD ./BUILD/STEVAL_IDB007V1/GCC_ARM/mbed-os/drivers/SPISlave.o
LOAD ./BUILD/STEVAL_IDB007V1/GCC_ARM/mbed-os/drivers/Serial.o
LOAD ./BUILD/STEVAL_IDB007V1/GCC_ARM/mbed-os/drivers/SerialBase.o
LOAD ./BUILD/STEVAL_IDB007V1/GCC_ARM/mbed-os/drivers/Ticker.o
LOAD ./BUILD/STEVAL_IDB007V1/GCC_ARM/mbed-os/drivers/Timeout.o
LOAD ./BUILD/STEVAL_IDB007V1/GCC_ARM/mbed-os/drivers/Timer.o
LOAD ./BUILD/STEVAL_IDB007V1/GCC_ARM/mbed-os/drivers/TimerEvent.o
LOAD ./BUILD/STEVAL_IDB007V1/GCC_ARM/mbed-os/drivers/UARTSerial.o
LOAD ./BUILD/STEVAL_IDB007V1/GCC_ARM/mbed-os/events/EventQueue.o
LOAD ./BUILD/STEVAL_IDB007V1/GCC_ARM/mbed-os/events/equeue/equeue.o
LOAD ./BUILD/STEVAL_IDB007V1/GCC_ARM/mbed-os/events/equeue/equeue_mbed.o
LOAD ./BUILD/STEVAL_IDB007V1/GCC_ARM/mbed-os/events/equeue/equeue_posix.o
LOAD ./BUILD/STEVAL_IDB007V1/GCC_ARM/mbed-os/events/mbed_shared_queues.o
LOAD ./BUILD/STEVAL_IDB007V1/GCC_ARM/mbed-os/features/filesystem/Dir.o
LOAD ./BUILD/STEVAL_IDB007V1/GCC_ARM/mbed-os/features/filesystem/File.o
LOAD ./BUILD/STEVAL_IDB007V1/GCC_ARM/mbed-os/features/filesystem/FileSystem.o
LOAD ./BUILD/STEVAL_IDB007V1/GCC_ARM/mbed-os/features/filesystem/bd/ChainingBlockDevice.o
LOAD ./BUILD/STEVAL_IDB007V1/GCC_ARM/mbed-os/features/filesystem/bd/HeapBlockDevice.o
LOAD ./BUILD/STEVAL_IDB007V1/GCC_ARM/mbed-os/features/filesystem/bd/MBRBlockDevice.o
LOAD ./BUILD/STEVAL_IDB007V1/GCC_ARM/mbed-os/features/filesystem/bd/ProfilingBlockDevice.o
LOAD ./BUILD/STEVAL_IDB007V1/GCC_ARM/mbed-os/features/filesystem/bd/SlicingBlockDevice.o
LOAD ./BUILD/STEVAL_IDB007V1/GCC_ARM/mbed-os/features/filesystem/fat/ChaN/ccsbcs.o
LOAD ./BUILD/STEVAL_IDB007V1/GCC_ARM/mbed-os/features/filesystem/fat/ChaN/ff.o
LOAD ./BUILD/STEVAL_IDB007V1/GCC_ARM/mbed-os/features/filesystem/fat/FATFileSystem.o
LOAD ./BUILD/STEVAL_IDB007V1/GCC_ARM/mbed-os/features/frameworks/greentea-client/source/greentea_metrics.o
LOAD ./BUILD/STEVAL_IDB007V1/GCC_ARM/mbed-os/features/frameworks/greentea-client/source/greentea_serial.o
LOAD ./BUILD/STEVAL_IDB007V1/GCC_ARM/mbed-os/features/frameworks/greentea-client/source/greentea_test_env.o
LOAD ./BUILD/STEVAL_IDB007V1/GCC_ARM/mbed-os/features/frameworks/unity/source/unity.o
LOAD ./BUILD/STEVAL_IDB007V1/GCC_ARM/mbed-os/features/frameworks/utest/mbed-utest-shim.o
LOAD ./BUILD/STEVAL_IDB007V1/GCC_ARM/mbed-os/features/frameworks/utest/source/unity_handler.o
LOAD ./BUILD/STEVAL_IDB007V1/GCC_ARM/mbed-os/features/frameworks/utest/source/utest_case.o
LOAD ./BUILD/STEVAL_IDB007V1/GCC_ARM/mbed-os/features/frameworks/utest/source/utest_default_handlers.o
LOAD ./BUILD/STEVAL_IDB007V1/GCC_ARM/mbed-os/features/frameworks/utest/source/utest_greentea_handlers.o
LOAD ./BUILD/STEVAL_IDB007V1/GCC_ARM/mbed-os/features/frameworks/utest/source/utest_harness.o
LOAD ./BUILD/STEVAL_IDB007V1/GCC_ARM/mbed-os/features/frameworks/utest/source/utest_shim.o
LOAD ./BUILD/STEVAL_IDB007V1/GCC_ARM/mbed-os/features/frameworks/utest/source/utest_stack_trace.o
LOAD ./BUILD/STEVAL_IDB007V1/GCC_ARM/mbed-os/features/frameworks/utest/source/utest_types.o
LOAD ./BUILD/STEVAL_IDB007V1/GCC_ARM/mbed-os/features/mbedtls/platform/src/mbed_trng.o
LOAD ./BUILD/STEVAL_IDB007V1/GCC_ARM/mbed-os/features/mbedtls/src/aes.o
LOAD ./BUILD/STEVAL_IDB007V1/GCC_ARM/mbed-os/features/mbedtls/src/aesni.o
LOAD ./BUILD/STEVAL_IDB007V1/GCC_ARM/mbed-os/features/mbedtls/src/arc4.o
LOAD ./BUILD/STEVAL_IDB007V1/GCC_ARM/mbed-os/features/mbedtls/src/asn1parse.o
LOAD ./BUILD/STEVAL_IDB007V1/GCC_ARM/mbed-os/features/mbedtls/src/asn1write.o
LOAD ./BUILD/STEVAL_IDB007V1/GCC_ARM/mbed-os/features/mbedtls/src/base64.o
LOAD ./BUILD/STEVAL_IDB007V1/GCC_ARM/mbed-os/features/mbedtls/src/bignum.o
LOAD ./BUILD/STEVAL_IDB007V1/GCC_ARM/mbed-os/features/mbedtls/src/blowfish.o
LOAD ./BUILD/STEVAL_IDB007V1/GCC_ARM/mbed-os/features/mbedtls/src/camellia.o
LOAD ./BUILD/STEVAL_IDB007V1/GCC_ARM/mbed-os/features/mbedtls/src/ccm.o
LOAD ./BUILD/STEVAL_IDB007V1/GCC_ARM/mbed-os/features/mbedtls/src/certs.o
LOAD ./BUILD/STEVAL_IDB007V1/GCC_ARM/mbed-os/features/mbedtls/src/cipher.o
LOAD ./BUILD/STEVAL_IDB007V1/GCC_ARM/mbed-os/features/mbedtls/src/cipher_wrap.o
LOAD ./BUILD/STEVAL_IDB007V1/GCC_ARM/mbed-os/features/mbedtls/src/cmac.o
LOAD ./BUILD/STEVAL_IDB007V1/GCC_ARM/mbed-os/features/mbedtls/src/ctr_drbg.o
LOAD ./BUILD/STEVAL_IDB007V1/GCC_ARM/mbed-os/features/mbedtls/src/debug.o
LOAD ./BUILD/STEVAL_IDB007V1/GCC_ARM/mbed-os/features/mbedtls/src/des.o
LOAD ./BUILD/STEVAL_IDB007V1/GCC_ARM/mbed-os/features/mbedtls/src/dhm.o
LOAD ./BUILD/STEVAL_IDB007V1/GCC_ARM/mbed-os/features/mbedtls/src/ecdh.o
LOAD ./BUILD/STEVAL_IDB007V1/GCC_ARM/mbed-os/features/mbedtls/src/ecdsa.o
LOAD ./BUILD/STEVAL_IDB007V1/GCC_ARM/mbed-os/features/mbedtls/src/ecjpake.o
LOAD ./BUILD/STEVAL_IDB007V1/GCC_ARM/mbed-os/features/mbedtls/src/ecp.o
LOAD ./BUILD/STEVAL_IDB007V1/GCC_ARM/mbed-os/features/mbedtls/src/ecp_curves.o
LOAD ./BUILD/STEVAL_IDB007V1/GCC_ARM/mbed-os/features/mbedtls/src/entropy.o
LOAD ./BUILD/STEVAL_IDB007V1/GCC_ARM/mbed-os/features/mbedtls/src/entropy_poll.o
LOAD ./BUILD/STEVAL_IDB007V1/GCC_ARM/mbed-os/features/mbedtls/src/error.o
LOAD ./BUILD/STEVAL_IDB007V1/GCC_ARM/mbed-os/features/mbedtls/src/gcm.o
LOAD ./BUILD/STEVAL_IDB007V1/GCC_ARM/mbed-os/features/mbedtls/src/havege.o
LOAD ./BUILD/STEVAL_IDB007V1/GCC_ARM/mbed-os/features/mbedtls/src/hmac_drbg.o
LOAD ./BUILD/STEVAL_IDB007V1/GCC_ARM/mbed-os/features/mbedtls/src/md.o
LOAD ./BUILD/STEVAL_IDB007V1/GCC_ARM/mbed-os/features/mbedtls/src/md2.o
LOAD ./BUILD/STEVAL_IDB007V1/GCC_ARM/mbed-os/features/mbedtls/src/md4.o
LOAD ./BUILD/STEVAL_IDB007V1/GCC_ARM/mbed-os/features/mbedtls/src/md5.o
LOAD ./BUILD/STEVAL_IDB007V1/GCC_ARM/mbed-os/features/mbedtls/src/md_wrap.o
LOAD ./BUILD/STEVAL_IDB007V1/GCC_ARM/mbed-os/features/mbedtls/src/memory_buffer_alloc.o
LOAD ./BUILD/STEVAL_IDB007V1/GCC_ARM/mbed-os/features/mbedtls/src/net_sockets.o
LOAD ./BUILD/STEVAL_IDB007V1/GCC_ARM/mbed-os/features/mbedtls/src/oid.o
LOAD ./BUILD/STEVAL_IDB007V1/GCC_ARM/mbed-os/features/mbedtls/src/padlock.o
LOAD ./BUILD/STEVAL_IDB007V1/GCC_ARM/mbed-os/features/mbedtls/src/pem.o
LOAD ./BUILD/STEVAL_IDB007V1/GCC_ARM/mbed-os/features/mbedtls/src/pk.o
LOAD ./BUILD/STEVAL_IDB007V1/GCC_ARM/mbed-os/features/mbedtls/src/pk_wrap.o
LOAD ./BUILD/STEVAL_IDB007V1/GCC_ARM/mbed-os/features/mbedtls/src/pkcs11.o
LOAD ./BUILD/STEVAL_IDB007V1/GCC_ARM/mbed-os/features/mbedtls/src/pkcs12.o
LOAD ./BUILD/STEVAL_IDB007V1/GCC_ARM/mbed-os/features/mbedtls/src/pkcs5.o
LOAD ./BUILD/STEVAL_IDB007V1/GCC_ARM/mbed-os/features/mbedtls/src/pkparse.o
LOAD ./BUILD/STEVAL_IDB007V1/GCC_ARM/mbed-os/features/mbedtls/src/pkwrite.o
LOAD ./BUILD/STEVAL_IDB007V1/GCC_ARM/mbed-os/features/mbedtls/src/platform.o
LOAD ./BUILD/STEVAL_IDB007V1/GCC_ARM/mbed-os/features/mbedtls/src/ripemd160.o
LOAD ./BUILD/STEVAL_IDB007V1/GCC_ARM/mbed-os/features/mbedtls/src/rsa.o
LOAD ./BUILD/STEVAL_IDB007V1/GCC_ARM/mbed-os/features/mbedtls/src/sha1.o
LOAD ./BUILD/STEVAL_IDB007V1/GCC_ARM/mbed-os/features/mbedtls/src/sha256.o
LOAD ./BUILD/STEVAL_IDB007V1/GCC_ARM/mbed-os/features/mbedtls/src/sha512.o
LOAD ./BUILD/STEVAL_IDB007V1/GCC_ARM/mbed-os/features/mbedtls/src/ssl_cache.o
LOAD ./BUILD/STEVAL_IDB007V1/GCC_ARM/mbed-os/features/mbedtls/src/ssl_ciphersuites.o
LOAD ./BUILD/STEVAL_IDB007V1/GCC_ARM/mbed-os/features/mbedtls/src/ssl_cli.o
LOAD ./BUILD/STEVAL_IDB007V1/GCC_ARM/mbed-os/features/mbedtls/src/ssl_cookie.o
LOAD ./BUILD/STEVAL_IDB007V1/GCC_ARM/mbed-os/features/mbedtls/src/ssl_srv.o
LOAD ./BUILD/STEVAL_IDB007V1/GCC_ARM/mbed-os/features/mbedtls/src/ssl_ticket.o
LOAD ./BUILD/STEVAL_IDB007V1/GCC_ARM/mbed-os/features/mbedtls/src/ssl_tls.o
LOAD ./BUILD/STEVAL_IDB007V1/GCC_ARM/mbed-os/features/mbedtls/src/threading.o
LOAD ./BUILD/STEVAL_IDB007V1/GCC_ARM/mbed-os/features/mbedtls/src/timing.o
LOAD ./BUILD/STEVAL_IDB007V1/GCC_ARM/mbed-os/features/mbedtls/src/version.o
LOAD ./BUILD/STEVAL_IDB007V1/GCC_ARM/mbed-os/features/mbedtls/src/version_features.o
LOAD ./BUILD/STEVAL_IDB007V1/GCC_ARM/mbed-os/features/mbedtls/src/x509.o
LOAD ./BUILD/STEVAL_IDB007V1/GCC_ARM/mbed-os/features/mbedtls/src/x509_create.o
LOAD ./BUILD/STEVAL_IDB007V1/GCC_ARM/mbed-os/features/mbedtls/src/x509_crl.o
LOAD ./BUILD/STEVAL_IDB007V1/GCC_ARM/mbed-os/features/mbedtls/src/x509_crt.o
LOAD ./BUILD/STEVAL_IDB007V1/GCC_ARM/mbed-os/features/mbedtls/src/x509_csr.o
LOAD ./BUILD/STEVAL_IDB007V1/GCC_ARM/mbed-os/features/mbedtls/src/x509write_crt.o
LOAD ./BUILD/STEVAL_IDB007V1/GCC_ARM/mbed-os/features/mbedtls/src/x509write_csr.o
LOAD ./BUILD/STEVAL_IDB007V1/GCC_ARM/mbed-os/features/mbedtls/src/xtea.o
LOAD ./BUILD/STEVAL_IDB007V1/GCC_ARM/mbed-os/features/netsocket/NetworkInterface.o
LOAD ./BUILD/STEVAL_IDB007V1/GCC_ARM/mbed-os/features/netsocket/NetworkStack.o
LOAD ./BUILD/STEVAL_IDB007V1/GCC_ARM/mbed-os/features/netsocket/Socket.o
LOAD ./BUILD/STEVAL_IDB007V1/GCC_ARM/mbed-os/features/netsocket/SocketAddress.o
LOAD ./BUILD/STEVAL_IDB007V1/GCC_ARM/mbed-os/features/netsocket/TCPServer.o
LOAD ./BUILD/STEVAL_IDB007V1/GCC_ARM/mbed-os/features/netsocket/TCPSocket.o
LOAD ./BUILD/STEVAL_IDB007V1/GCC_ARM/mbed-os/features/netsocket/UDPSocket.o
LOAD ./BUILD/STEVAL_IDB007V1/GCC_ARM/mbed-os/features/netsocket/WiFiAccessPoint.o
LOAD ./BUILD/STEVAL_IDB007V1/GCC_ARM/mbed-os/features/netsocket/cellular/generic_modem_driver/OnboardCellularInterface.o
LOAD ./BUILD/STEVAL_IDB007V1/GCC_ARM/mbed-os/features/netsocket/cellular/generic_modem_driver/PPPCellularInterface.o
LOAD ./BUILD/STEVAL_IDB007V1/GCC_ARM/mbed-os/features/netsocket/cellular/generic_modem_driver/UARTCellularInterface.o
LOAD ./BUILD/STEVAL_IDB007V1/GCC_ARM/mbed-os/features/netsocket/nsapi_dns.o
LOAD ./BUILD/STEVAL_IDB007V1/GCC_ARM/mbed-os/hal/mbed_flash_api.o
LOAD ./BUILD/STEVAL_IDB007V1/GCC_ARM/mbed-os/hal/mbed_gpio.o
LOAD ./BUILD/STEVAL_IDB007V1/GCC_ARM/mbed-os/hal/mbed_lp_ticker_api.o
LOAD ./BUILD/STEVAL_IDB007V1/GCC_ARM/mbed-os/hal/mbed_pinmap_common.o
LOAD ./BUILD/STEVAL_IDB007V1/GCC_ARM/mbed-os/hal/mbed_sleep_manager.o
LOAD ./BUILD/STEVAL_IDB007V1/GCC_ARM/mbed-os/hal/mbed_ticker_api.o
LOAD ./BUILD/STEVAL_IDB007V1/GCC_ARM/mbed-os/hal/mbed_us_ticker_api.o
LOAD ./BUILD/STEVAL_IDB007V1/GCC_ARM/mbed-os/platform/ATCmdParser.o
LOAD ./BUILD/STEVAL_IDB007V1/GCC_ARM/mbed-os/platform/CallChain.o
LOAD ./BUILD/STEVAL_IDB007V1/GCC_ARM/mbed-os/platform/FileBase.o
LOAD ./BUILD/STEVAL_IDB007V1/GCC_ARM/mbed-os/platform/FileHandle.o
LOAD ./BUILD/STEVAL_IDB007V1/GCC_ARM/mbed-os/platform/FilePath.o
LOAD ./BUILD/STEVAL_IDB007V1/GCC_ARM/mbed-os/platform/FileSystemHandle.o
LOAD ./BUILD/STEVAL_IDB007V1/GCC_ARM/mbed-os/platform/LocalFileSystem.o
LOAD ./BUILD/STEVAL_IDB007V1/GCC_ARM/mbed-os/platform/Stream.o
LOAD ./BUILD/STEVAL_IDB007V1/GCC_ARM/mbed-os/platform/mbed_alloc_wrappers.o
LOAD ./BUILD/STEVAL_IDB007V1/GCC_ARM/mbed-os/platform/mbed_application.o
LOAD ./BUILD/STEVAL_IDB007V1/GCC_ARM/mbed-os/platform/mbed_assert.o
LOAD ./BUILD/STEVAL_IDB007V1/GCC_ARM/mbed-os/platform/mbed_board.o
LOAD ./BUILD/STEVAL_IDB007V1/GCC_ARM/mbed-os/platform/mbed_critical.o
LOAD ./BUILD/STEVAL_IDB007V1/GCC_ARM/mbed-os/platform/mbed_error.o
LOAD ./BUILD/STEVAL_IDB007V1/GCC_ARM/mbed-os/platform/mbed_interface.o
LOAD ./BUILD/STEVAL_IDB007V1/GCC_ARM/mbed-os/platform/mbed_mem_trace.o
LOAD ./BUILD/STEVAL_IDB007V1/GCC_ARM/mbed-os/platform/mbed_mktime.o
LOAD ./BUILD/STEVAL_IDB007V1/GCC_ARM/mbed-os/platform/mbed_poll.o
LOAD ./BUILD/STEVAL_IDB007V1/GCC_ARM/mbed-os/platform/mbed_retarget.o
LOAD ./BUILD/STEVAL_IDB007V1/GCC_ARM/mbed-os/platform/mbed_rtc_time.o
LOAD ./BUILD/STEVAL_IDB007V1/GCC_ARM/mbed-os/platform/mbed_sdk_boot.o
LOAD ./BUILD/STEVAL_IDB007V1/GCC_ARM/mbed-os/platform/mbed_semihost_api.o
LOAD ./BUILD/STEVAL_IDB007V1/GCC_ARM/mbed-os/platform/mbed_stats.o
LOAD ./BUILD/STEVAL_IDB007V1/GCC_ARM/mbed-os/platform/mbed_wait_api_no_rtos.o
LOAD ./BUILD/STEVAL_IDB007V1/GCC_ARM/mbed-os/platform/mbed_wait_api_rtos.o
LOAD ./BUILD/STEVAL_IDB007V1/GCC_ARM/mbed-os/rtos/ConditionVariable.o
LOAD ./BUILD/STEVAL_IDB007V1/GCC_ARM/mbed-os/rtos/EventFlags.o
LOAD ./BUILD/STEVAL_IDB007V1/GCC_ARM/mbed-os/rtos/Mutex.o
LOAD ./BUILD/STEVAL_IDB007V1/GCC_ARM/mbed-os/rtos/RtosTimer.o
LOAD ./BUILD/STEVAL_IDB007V1/GCC_ARM/mbed-os/rtos/Semaphore.o
LOAD ./BUILD/STEVAL_IDB007V1/GCC_ARM/mbed-os/rtos/TARGET_CORTEX/mbed_boot.o
LOAD ./BUILD/STEVAL_IDB007V1/GCC_ARM/mbed-os/rtos/TARGET_CORTEX/mbed_rtx_handlers.o
LOAD ./BUILD/STEVAL_IDB007V1/GCC_ARM/mbed-os/rtos/TARGET_CORTEX/mbed_rtx_idle.o
LOAD ./BUILD/STEVAL_IDB007V1/GCC_ARM/mbed-os/rtos/TARGET_CORTEX/rtx4/cmsis_os1.o
LOAD ./BUILD/STEVAL_IDB007V1/GCC_ARM/mbed-os/rtos/TARGET_CORTEX/rtx5/RTX/Config/RTX_Config.o
LOAD ./BUILD/STEVAL_IDB007V1/GCC_ARM/mbed-os/rtos/TARGET_CORTEX/rtx5/RTX/Source/TOOLCHAIN_GCC/TARGET_M0/irq_cm0.o
LOAD ./BUILD/STEVAL_IDB007V1/GCC_ARM/mbed-os/rtos/TARGET_CORTEX/rtx5/RTX/Source/rt_OsEventObserver.o
LOAD ./BUILD/STEVAL_IDB007V1/GCC_ARM/mbed-os/rtos/TARGET_CORTEX/rtx5/RTX/Source/rtx_delay.o
LOAD ./BUILD/STEVAL_IDB007V1/GCC_ARM/mbed-os/rtos/TARGET_CORTEX/rtx5/RTX/Source/rtx_evflags.o
LOAD ./BUILD/STEVAL_IDB007V1/GCC_ARM/mbed-os/rtos/TARGET_CORTEX/rtx5/RTX/Source/rtx_evr.o
LOAD ./BUILD/STEVAL_IDB007V1/GCC_ARM/mbed-os/rtos/TARGET_CORTEX/rtx5/RTX/Source/rtx_kernel.o
LOAD ./BUILD/STEVAL_IDB007V1/GCC_ARM/mbed-os/rtos/TARGET_CORTEX/rtx5/RTX/Source/rtx_lib.o
LOAD ./BUILD/STEVAL_IDB007V1/GCC_ARM/mbed-os/rtos/TARGET_CORTEX/rtx5/RTX/Source/rtx_memory.o
LOAD ./BUILD/STEVAL_IDB007V1/GCC_ARM/mbed-os/rtos/TARGET_CORTEX/rtx5/RTX/Source/rtx_mempool.o
LOAD ./BUILD/STEVAL_IDB007V1/GCC_ARM/mbed-os/rtos/TARGET_CORTEX/rtx5/RTX/Source/rtx_msgqueue.o
LOAD ./BUILD/STEVAL_IDB007V1/GCC_ARM/mbed-os/rtos/TARGET_CORTEX/rtx5/RTX/Source/rtx_mutex.o
LOAD ./BUILD/STEVAL_IDB007V1/GCC_ARM/mbed-os/rtos/TARGET_CORTEX/rtx5/RTX/Source/rtx_semaphore.o
LOAD ./BUILD/STEVAL_IDB007V1/GCC_ARM/mbed-os/rtos/TARGET_CORTEX/rtx5/RTX/Source/rtx_system.o
LOAD ./BUILD/STEVAL_IDB007V1/GCC_ARM/mbed-os/rtos/TARGET_CORTEX/rtx5/RTX/Source/rtx_thread.o
LOAD ./BUILD/STEVAL_IDB007V1/GCC_ARM/mbed-os/rtos/TARGET_CORTEX/rtx5/RTX/Source/rtx_timer.o
LOAD ./BUILD/STEVAL_IDB007V1/GCC_ARM/mbed-os/rtos/TARGET_CORTEX/rtx5/Source/os_systick.o
LOAD ./BUILD/STEVAL_IDB007V1/GCC_ARM/mbed-os/rtos/TARGET_CORTEX/rtx5/Source/os_tick_ptim.o
LOAD ./BUILD/STEVAL_IDB007V1/GCC_ARM/mbed-os/rtos/Thread.o
LOAD ./BUILD/STEVAL_IDB007V1/GCC_ARM/mbed-os/targets/TARGET_STMBLUE/TARGET_BLUENRG1/TARGET_STEVAL_IDB007V1/device/TOOLCHAIN_GCC_ARM/startup_bluenrg1.o
LOAD ./BUILD/STEVAL_IDB007V1/GCC_ARM/mbed-os/targets/TARGET_STMBLUE/TARGET_BLUENRG1/TARGET_STEVAL_IDB007V1/device/cmsis_nvic.o
LOAD ./BUILD/STEVAL_IDB007V1/GCC_ARM/mbed-os/targets/TARGET_STMBLUE/TARGET_BLUENRG1/TARGET_STEVAL_IDB007V1/device/system_bluenrg1.o
LOAD ./BUILD/STEVAL_IDB007V1/GCC_ARM/mbed-os/targets/TARGET_STMBLUE/TARGET_BLUENRG1/device/BlueNRG1_adc.o
LOAD ./BUILD/STEVAL_IDB007V1/GCC_ARM/mbed-os/targets/TARGET_STMBLUE/TARGET_BLUENRG1/device/BlueNRG1_dma.o
LOAD ./BUILD/STEVAL_IDB007V1/GCC_ARM/mbed-os/targets/TARGET_STMBLUE/TARGET_BLUENRG1/device/BlueNRG1_flash.o
LOAD ./BUILD/STEVAL_IDB007V1/GCC_ARM/mbed-os/targets/TARGET_STMBLUE/TARGET_BLUENRG1/device/BlueNRG1_gpio.o
LOAD ./BUILD/STEVAL_IDB007V1/GCC_ARM/mbed-os/targets/TARGET_STMBLUE/TARGET_BLUENRG1/device/BlueNRG1_i2c.o
LOAD ./BUILD/STEVAL_IDB007V1/GCC_ARM/mbed-os/targets/TARGET_STMBLUE/TARGET_BLUENRG1/device/BlueNRG1_it.o
LOAD ./BUILD/STEVAL_IDB007V1/GCC_ARM/mbed-os/targets/TARGET_STMBLUE/TARGET_BLUENRG1/device/BlueNRG1_mft.o
LOAD ./BUILD/STEVAL_IDB007V1/GCC_ARM/mbed-os/targets/TARGET_STMBLUE/TARGET_BLUENRG1/device/BlueNRG1_pka.o
LOAD ./BUILD/STEVAL_IDB007V1/GCC_ARM/mbed-os/targets/TARGET_STMBLUE/TARGET_BLUENRG1/device/BlueNRG1_rng.o
LOAD ./BUILD/STEVAL_IDB007V1/GCC_ARM/mbed-os/targets/TARGET_STMBLUE/TARGET_BLUENRG1/device/BlueNRG1_rtc.o
LOAD ./BUILD/STEVAL_IDB007V1/GCC_ARM/mbed-os/targets/TARGET_STMBLUE/TARGET_BLUENRG1/device/BlueNRG1_spi.o
LOAD ./BUILD/STEVAL_IDB007V1/GCC_ARM/mbed-os/targets/TARGET_STMBLUE/TARGET_BLUENRG1/device/BlueNRG1_sysCtrl.o
LOAD ./BUILD/STEVAL_IDB007V1/GCC_ARM/mbed-os/targets/TARGET_STMBLUE/TARGET_BLUENRG1/device/BlueNRG1_uart.o
LOAD ./BUILD/STEVAL_IDB007V1/GCC_ARM/mbed-os/targets/TARGET_STMBLUE/TARGET_BLUENRG1/device/BlueNRG1_wdg.o
LOAD ./BUILD/STEVAL_IDB007V1/GCC_ARM/mbed-os/targets/TARGET_STMBLUE/TARGET_BLUENRG1/device/clock.o
LOAD ./BUILD/STEVAL_IDB007V1/GCC_ARM/mbed-os/targets/TARGET_STMBLUE/TARGET_BLUENRG1/device/misc.o
LOAD ./BUILD/STEVAL_IDB007V1/GCC_ARM/mbed-os/targets/TARGET_STMBLUE/TARGET_BLUENRG1/pin_device.o
LOAD ./BUILD/STEVAL_IDB007V1/GCC_ARM/mbed-os/targets/TARGET_STMBLUE/gpio_api.o
LOAD ./BUILD/STEVAL_IDB007V1/GCC_ARM/mbed-os/targets/TARGET_STMBLUE/mbed_overrides.o
LOAD ./BUILD/STEVAL_IDB007V1/GCC_ARM/mbed-os/targets/TARGET_STMBLUE/pinmap.o
LOAD ./BUILD/STEVAL_IDB007V1/GCC_ARM/mbed-os/targets/TARGET_STMBLUE/serial_api.o
LOAD ./BUILD/STEVAL_IDB007V1/GCC_ARM/mbed-os/targets/TARGET_STMBLUE/spi_api.o
LOAD ./BUILD/STEVAL_IDB007V1/GCC_ARM/mbed-os/targets/TARGET_STMBLUE/us_ticker_api.o
START GROUP
LOAD .\libbluenrg1_stack.a
LOAD c:/program files (x86)/gnu tools arm embedded/6 2017-q2-update/bin/../lib/gcc/arm-none-eabi/6.3.1/../../../../arm-none-eabi/lib/thumb/v6-m\libstdc++.a
LOAD c:/program files (x86)/gnu tools arm embedded/6 2017-q2-update/bin/../lib/gcc/arm-none-eabi/6.3.1/../../../../arm-none-eabi/lib/thumb/v6-m\libsupc++.a
LOAD c:/program files (x86)/gnu tools arm embedded/6 2017-q2-update/bin/../lib/gcc/arm-none-eabi/6.3.1/../../../../arm-none-eabi/lib/thumb/v6-m\libm.a
LOAD c:/program files (x86)/gnu tools arm embedded/6 2017-q2-update/bin/../lib/gcc/arm-none-eabi/6.3.1/../../../../arm-none-eabi/lib/thumb/v6-m\libc.a
LOAD c:/program files (x86)/gnu tools arm embedded/6 2017-q2-update/bin/../lib/gcc/arm-none-eabi/6.3.1/thumb/v6-m\libgcc.a
LOAD c:/program files (x86)/gnu tools arm embedded/6 2017-q2-update/bin/../lib/gcc/arm-none-eabi/6.3.1/../../../../arm-none-eabi/lib/thumb/v6-m\libnosys.a
END GROUP
LOAD .\libbluenrg1_stack.a
LOAD c:/program files (x86)/gnu tools arm embedded/6 2017-q2-update/bin/../lib/gcc/arm-none-eabi/6.3.1/../../../../arm-none-eabi/lib/thumb/v6-m\libstdc++.a
LOAD c:/program files (x86)/gnu tools arm embedded/6 2017-q2-update/bin/../lib/gcc/arm-none-eabi/6.3.1/../../../../arm-none-eabi/lib/thumb/v6-m\libsupc++.a
LOAD c:/program files (x86)/gnu tools arm embedded/6 2017-q2-update/bin/../lib/gcc/arm-none-eabi/6.3.1/../../../../arm-none-eabi/lib/thumb/v6-m\libm.a
LOAD c:/program files (x86)/gnu tools arm embedded/6 2017-q2-update/bin/../lib/gcc/arm-none-eabi/6.3.1/../../../../arm-none-eabi/lib/thumb/v6-m\libc.a
LOAD c:/program files (x86)/gnu tools arm embedded/6 2017-q2-update/bin/../lib/gcc/arm-none-eabi/6.3.1/thumb/v6-m\libgcc.a
LOAD c:/program files (x86)/gnu tools arm embedded/6 2017-q2-update/bin/../lib/gcc/arm-none-eabi/6.3.1/../../../../arm-none-eabi/lib/thumb/v6-m\libnosys.a
START GROUP
LOAD c:/program files (x86)/gnu tools arm embedded/6 2017-q2-update/bin/../lib/gcc/arm-none-eabi/6.3.1/thumb/v6-m\libgcc.a
LOAD c:/program files (x86)/gnu tools arm embedded/6 2017-q2-update/bin/../lib/gcc/arm-none-eabi/6.3.1/../../../../arm-none-eabi/lib/thumb/v6-m\libc.a
END GROUP
LOAD c:/program files (x86)/gnu tools arm embedded/6 2017-q2-update/bin/../lib/gcc/arm-none-eabi/6.3.1/thumb/v6-m/crtend.o
LOAD c:/program files (x86)/gnu tools arm embedded/6 2017-q2-update/bin/../lib/gcc/arm-none-eabi/6.3.1/thumb/v6-m/crtn.o

.text           0x10040000     0xe968
 *(.isr_vector)
 .isr_vector    0x10040000       0xc0 ./BUILD/STEVAL_IDB007V1/GCC_ARM/mbed-os/targets/TARGET_STMBLUE/TARGET_BLUENRG1/TARGET_STEVAL_IDB007V1/device/TOOLCHAIN_GCC_ARM/startup_bluenrg1.o
                0x10040000                g_pfnVectors
 *(.text*)
 .text          0x100400c0       0x60 c:/program files (x86)/gnu tools arm embedded/6 2017-q2-update/bin/../lib/gcc/arm-none-eabi/6.3.1/thumb/v6-m/crtbegin.o
 .text          0x10040120       0x78 c:/program files (x86)/gnu tools arm embedded/6 2017-q2-update/bin/../lib/gcc/arm-none-eabi/6.3.1/../../../../arm-none-eabi/lib/thumb/v6-m/crt0.o
                0x10040120                _start
                0x10040120                _mainCRTStartup
 .text._ZN4mbed3SPID2Ev
                0x10040198        0x2 ./BUILD/STEVAL_IDB007V1/GCC_ARM/./main.o
                0x10040198                mbed::SPI::~SPI()
                0x10040198                mbed::SPI::~SPI()
 .text._ZN4mbed8CallbackIFvvEE13function_callIPS1_EEvPKv
                0x1004019a        0x8 ./BUILD/STEVAL_IDB007V1/GCC_ARM/./main.o
                0x1004019a                void mbed::Callback<void ()>::function_call<void (*)()>(void const*)
 .text._ZN4mbed8CallbackIFvvEE13function_moveIPS1_EEvPvPKv
                0x100401a2        0xa ./BUILD/STEVAL_IDB007V1/GCC_ARM/./main.o
                0x100401a2                void mbed::Callback<void ()>::function_move<void (*)()>(void*, void const*)
 .text._ZN4mbed8CallbackIFvvEE13function_dtorIPS1_EEvPv
                0x100401ac        0x2 ./BUILD/STEVAL_IDB007V1/GCC_ARM/./main.o
                0x100401ac                void mbed::Callback<void ()>::function_dtor<void (*)()>(void*)
 *fill*         0x100401ae        0x2 
 .text._Z12Rx_interruptv
                0x100401b0       0x24 ./BUILD/STEVAL_IDB007V1/GCC_ARM/./main.o
                0x100401b0                Rx_interrupt()
 .text._ZN4mbed6SerialD2Ev
                0x100401d4       0x54 ./BUILD/STEVAL_IDB007V1/GCC_ARM/./main.o
                0x100401d4                mbed::Serial::~Serial()
                0x100401d4                mbed::Serial::~Serial()
                0x10040208                non-virtual thunk to mbed::Serial::~Serial()
                0x10040218                non-virtual thunk to mbed::Serial::~Serial()
 .text._ZN4mbed10DigitalOutC2E7PinName
                0x10040228       0x1a ./BUILD/STEVAL_IDB007V1/GCC_ARM/./main.o
                0x10040228                mbed::DigitalOut::DigitalOut(PinName)
                0x10040228                mbed::DigitalOut::DigitalOut(PinName)
 .text._ZN4mbed3SPID0Ev
                0x10040242        0xc ./BUILD/STEVAL_IDB007V1/GCC_ARM/./main.o
                0x10040242                mbed::SPI::~SPI()
 *fill*         0x1004024e        0x2 
 .text._Z4initv
                0x10040250       0x94 ./BUILD/STEVAL_IDB007V1/GCC_ARM/./main.o
                0x10040250                init()
 .text._Z9printMenuv
                0x100402e4       0x18 ./BUILD/STEVAL_IDB007V1/GCC_ARM/./main.o
                0x100402e4                printMenu()
 .text._Z12IMU_registerhh
                0x100402fc       0x40 ./BUILD/STEVAL_IDB007V1/GCC_ARM/./main.o
                0x100402fc                IMU_register(unsigned char, unsigned char)
 .text._Z10IMU_configv
                0x1004033c       0x24 ./BUILD/STEVAL_IDB007V1/GCC_ARM/./main.o
                0x1004033c                IMU_config()
 .text._Z11IMU_readAccPt
                0x10040360       0x54 ./BUILD/STEVAL_IDB007V1/GCC_ARM/./main.o
                0x10040360                IMU_readAcc(unsigned short*)
 .text._Z11IMU_readGyrPt
                0x100403b4       0x54 ./BUILD/STEVAL_IDB007V1/GCC_ARM/./main.o
                0x100403b4                IMU_readGyr(unsigned short*)
 .text._Z12IMU_readTempv
                0x10040408       0x34 ./BUILD/STEVAL_IDB007V1/GCC_ARM/./main.o
                0x10040408                IMU_readTemp()
 .text._Z10IMU_devicev
                0x1004043c      0x1a4 ./BUILD/STEVAL_IDB007V1/GCC_ARM/./main.o
                0x1004043c                IMU_device()
 .text.startup.main
                0x100405e0        0xa ./BUILD/STEVAL_IDB007V1/GCC_ARM/./main.o
                0x100405e0                main
 *fill*         0x100405ea        0x2 
 .text._ZN4mbed6SerialD0Ev
                0x100405ec       0x34 ./BUILD/STEVAL_IDB007V1/GCC_ARM/./main.o
                0x100405ec                mbed::Serial::~Serial()
                0x100405fe                non-virtual thunk to mbed::Serial::~Serial()
                0x10040610                non-virtual thunk to mbed::Serial::~Serial()
 .text.startup._GLOBAL__sub_I_pc
                0x10040620       0xb8 ./BUILD/STEVAL_IDB007V1/GCC_ARM/./main.o
 .text._ZN4mbed8CallbackIFvvEED2Ev
                0x100406d8       0x12 ./BUILD/STEVAL_IDB007V1/GCC_ARM/mbed-os/drivers/InterruptManager.o
                0x100406d8                mbed::Callback<void ()>::~Callback()
                0x100406d8                mbed::Callback<void ()>::~Callback()
 *fill*         0x100406ea        0x2 
 .text._ZN4mbed3SPI8_acquireEv
                0x100406ec       0x2c ./BUILD/STEVAL_IDB007V1/GCC_ARM/mbed-os/drivers/SPI.o
                0x100406ec                mbed::SPI::_acquire()
 .text._ZN4mbed3SPI6formatEii
                0x10040718       0x3c ./BUILD/STEVAL_IDB007V1/GCC_ARM/mbed-os/drivers/SPI.o
                0x10040718                mbed::SPI::format(int, int)
 .text._ZN4mbed3SPI9frequencyEi
                0x10040754       0x34 ./BUILD/STEVAL_IDB007V1/GCC_ARM/mbed-os/drivers/SPI.o
                0x10040754                mbed::SPI::frequency(int)
 .text._ZN4mbed3SPI5writeEi
                0x10040788       0x28 ./BUILD/STEVAL_IDB007V1/GCC_ARM/mbed-os/drivers/SPI.o
                0x10040788                mbed::SPI::write(int)
 .text._ZN4mbed3SPI5writeEPKciPci
                0x100407b0       0x3a ./BUILD/STEVAL_IDB007V1/GCC_ARM/mbed-os/drivers/SPI.o
                0x100407b0                mbed::SPI::write(char const*, int, char*, int)
 *fill*         0x100407ea        0x2 
 .text._ZN4mbed3SPIC2E7PinNameS1_S1_S1_
                0x100407ec       0x5c ./BUILD/STEVAL_IDB007V1/GCC_ARM/mbed-os/drivers/SPI.o
                0x100407ec                mbed::SPI::SPI(PinName, PinName, PinName, PinName)
                0x100407ec                mbed::SPI::SPI(PinName, PinName, PinName, PinName)
 .text._ZN12SingletonPtrIN4rtos5MutexEE3getEv
                0x10040848       0x50 ./BUILD/STEVAL_IDB007V1/GCC_ARM/mbed-os/drivers/SPI.o
                0x10040848                SingletonPtr<rtos::Mutex>::get()
 .text._ZN4mbed3SPI4lockEv
                0x10040898       0x18 ./BUILD/STEVAL_IDB007V1/GCC_ARM/mbed-os/drivers/SPI.o
                0x10040898                mbed::SPI::lock()
 .text._ZN4mbed3SPI6unlockEv
                0x100408b0       0x14 ./BUILD/STEVAL_IDB007V1/GCC_ARM/mbed-os/drivers/SPI.o
                0x100408b0                mbed::SPI::unlock()
 .text._ZN4mbed10FileHandle5lseekEli
                0x100408c4        0xa ./BUILD/STEVAL_IDB007V1/GCC_ARM/mbed-os/drivers/Serial.o
                0x100408c4                mbed::FileHandle::lseek(long, int)
 .text._ZN4mbed10FileHandle5fsyncEv
                0x100408ce        0xa ./BUILD/STEVAL_IDB007V1/GCC_ARM/mbed-os/drivers/Serial.o
                0x100408ce                mbed::FileHandle::fsync()
 .text._ZN4mbed10FileHandle4flenEv
                0x100408d8        0xa ./BUILD/STEVAL_IDB007V1/GCC_ARM/mbed-os/drivers/Serial.o
                0x100408d8                mbed::FileHandle::flen()
 .text._ZN4mbed10FileHandle12set_blockingEb
                0x100408e2        0x6 ./BUILD/STEVAL_IDB007V1/GCC_ARM/mbed-os/drivers/Serial.o
                0x100408e2                mbed::FileHandle::set_blocking(bool)
 .text._ZNK4mbed10FileHandle4pollEs
                0x100408e8        0x4 ./BUILD/STEVAL_IDB007V1/GCC_ARM/mbed-os/drivers/Serial.o
                0x100408e8                mbed::FileHandle::poll(short) const
 .text._ZN4mbed10FileHandle5sigioENS_8CallbackIFvvEEE
                0x100408ec        0x2 ./BUILD/STEVAL_IDB007V1/GCC_ARM/mbed-os/drivers/Serial.o
                0x100408ec                mbed::FileHandle::sigio(mbed::Callback<void ()>)
 .text._ZN4mbed6Serial5_getcEv
                0x100408ee        0x8 ./BUILD/STEVAL_IDB007V1/GCC_ARM/mbed-os/drivers/Serial.o
                0x100408ee                mbed::Serial::_getc()
 *fill*         0x100408f6        0x2 
 .text._ZThn56_N4mbed6Serial5_getcEv
                0x100408f8       0x10 ./BUILD/STEVAL_IDB007V1/GCC_ARM/mbed-os/drivers/Serial.o
                0x100408f8                non-virtual thunk to mbed::Serial::_getc()
 .text._ZN4mbed6Serial5_putcEi
                0x10040908        0x8 ./BUILD/STEVAL_IDB007V1/GCC_ARM/mbed-os/drivers/Serial.o
                0x10040908                mbed::Serial::_putc(int)
 .text._ZThn56_N4mbed6Serial5_putcEi
                0x10040910       0x10 ./BUILD/STEVAL_IDB007V1/GCC_ARM/mbed-os/drivers/Serial.o
                0x10040910                non-virtual thunk to mbed::Serial::_putc(int)
 .text._ZN4mbed6Serial4lockEv
                0x10040920        0xe ./BUILD/STEVAL_IDB007V1/GCC_ARM/mbed-os/drivers/Serial.o
                0x10040920                mbed::Serial::lock()
 *fill*         0x1004092e        0x2 
 .text._ZThn56_N4mbed6Serial4lockEv
                0x10040930       0x10 ./BUILD/STEVAL_IDB007V1/GCC_ARM/mbed-os/drivers/Serial.o
                0x10040930                non-virtual thunk to mbed::Serial::lock()
 .text._ZN4mbed6Serial6unlockEv
                0x10040940        0xa ./BUILD/STEVAL_IDB007V1/GCC_ARM/mbed-os/drivers/Serial.o
                0x10040940                mbed::Serial::unlock()
 *fill*         0x1004094a        0x2 
 .text._ZThn56_N4mbed6Serial6unlockEv
                0x1004094c       0x10 ./BUILD/STEVAL_IDB007V1/GCC_ARM/mbed-os/drivers/Serial.o
                0x1004094c                non-virtual thunk to mbed::Serial::unlock()
 .text._ZN4mbed6SerialC2E7PinNameS1_PKci
                0x1004095c       0x38 ./BUILD/STEVAL_IDB007V1/GCC_ARM/mbed-os/drivers/Serial.o
                0x1004095c                mbed::Serial::Serial(PinName, PinName, char const*, int)
                0x1004095c                mbed::Serial::Serial(PinName, PinName, char const*, int)
 .text._ZN4mbed10SerialBase4lockEv
                0x10040994        0x2 ./BUILD/STEVAL_IDB007V1/GCC_ARM/mbed-os/drivers/SerialBase.o
                0x10040994                mbed::SerialBase::lock()
 .text._ZN4mbed10SerialBase6unlockEv
                0x10040996        0x2 ./BUILD/STEVAL_IDB007V1/GCC_ARM/mbed-os/drivers/SerialBase.o
                0x10040996                mbed::SerialBase::unlock()
 .text._ZN4mbed10SerialBase12_irq_handlerEm9SerialIrq
                0x10040998       0x3c ./BUILD/STEVAL_IDB007V1/GCC_ARM/mbed-os/drivers/SerialBase.o
                0x10040998                mbed::SerialBase::_irq_handler(unsigned long, SerialIrq)
 .text._ZN4mbed10SerialBase10_base_getcEv
                0x100409d4        0xa ./BUILD/STEVAL_IDB007V1/GCC_ARM/mbed-os/drivers/SerialBase.o
                0x100409d4                mbed::SerialBase::_base_getc()
 .text._ZN4mbed10SerialBase10_base_putcEi
                0x100409de        0xe ./BUILD/STEVAL_IDB007V1/GCC_ARM/mbed-os/drivers/SerialBase.o
                0x100409de                mbed::SerialBase::_base_putc(int)
 .text._ZN4mbed8CallbackIFvvEEaSERKS2_
                0x100409ec       0x28 ./BUILD/STEVAL_IDB007V1/GCC_ARM/mbed-os/drivers/SerialBase.o
                0x100409ec                mbed::Callback<void ()>::operator=(mbed::Callback<void ()> const&)
 .text._ZN4mbed10SerialBaseC2E7PinNameS1_i
                0x10040a14       0x9c ./BUILD/STEVAL_IDB007V1/GCC_ARM/mbed-os/drivers/SerialBase.o
                0x10040a14                mbed::SerialBase::SerialBase(PinName, PinName, int)
                0x10040a14                mbed::SerialBase::SerialBase(PinName, PinName, int)
 .text._ZN4mbed10SerialBase6attachENS_8CallbackIFvvEEENS0_7IrqTypeE
                0x10040ab0       0x78 ./BUILD/STEVAL_IDB007V1/GCC_ARM/mbed-os/drivers/SerialBase.o
                0x10040ab0                mbed::SerialBase::attach(mbed::Callback<void ()>, mbed::SerialBase::IrqType)
 .text._ZN4mbed10SerialBaseD2Ev
                0x10040b28       0x64 ./BUILD/STEVAL_IDB007V1/GCC_ARM/mbed-os/drivers/SerialBase.o
                0x10040b28                mbed::SerialBase::~SerialBase()
                0x10040b28                mbed::SerialBase::~SerialBase()
 .text._ZN4mbed10SerialBaseD0Ev
                0x10040b8c       0x12 ./BUILD/STEVAL_IDB007V1/GCC_ARM/mbed-os/drivers/SerialBase.o
                0x10040b8c                mbed::SerialBase::~SerialBase()
 .text._gpio_init_in
                0x10040b9e       0x22 ./BUILD/STEVAL_IDB007V1/GCC_ARM/mbed-os/hal/mbed_gpio.o
 .text.gpio_init_in
                0x10040bc0        0xa ./BUILD/STEVAL_IDB007V1/GCC_ARM/mbed-os/hal/mbed_gpio.o
                0x10040bc0                gpio_init_in
 .text.gpio_init_out_ex
                0x10040bca       0x2a ./BUILD/STEVAL_IDB007V1/GCC_ARM/mbed-os/hal/mbed_gpio.o
                0x10040bca                gpio_init_out_ex
 .text.gpio_init_out
                0x10040bf4        0xa ./BUILD/STEVAL_IDB007V1/GCC_ARM/mbed-os/hal/mbed_gpio.o
                0x10040bf4                gpio_init_out
 .text.sleep_manager_lock_deep_sleep
                0x10040bfe        0x2 ./BUILD/STEVAL_IDB007V1/GCC_ARM/mbed-os/hal/mbed_sleep_manager.o
                0x10040bfe                sleep_manager_lock_deep_sleep
 .text.sleep_manager_unlock_deep_sleep
                0x10040c00        0x2 ./BUILD/STEVAL_IDB007V1/GCC_ARM/mbed-os/hal/mbed_sleep_manager.o
                0x10040c00                sleep_manager_unlock_deep_sleep
 *fill*         0x10040c02        0x2 
 .text.update_present_time
                0x10040c04       0xe4 ./BUILD/STEVAL_IDB007V1/GCC_ARM/mbed-os/hal/mbed_ticker_api.o
 .text._ticker_match_interval_passed
                0x10040ce8       0x20 ./BUILD/STEVAL_IDB007V1/GCC_ARM/mbed-os/hal/mbed_ticker_api.o
                0x10040ce8                _ticker_match_interval_passed
 .text.schedule_interrupt
                0x10040d08       0xb8 ./BUILD/STEVAL_IDB007V1/GCC_ARM/mbed-os/hal/mbed_ticker_api.o
 .text.initialize.part.2
                0x10040dc0       0xdc ./BUILD/STEVAL_IDB007V1/GCC_ARM/mbed-os/hal/mbed_ticker_api.o
 .text.ticker_read_us
                0x10040e9c       0x20 ./BUILD/STEVAL_IDB007V1/GCC_ARM/mbed-os/hal/mbed_ticker_api.o
                0x10040e9c                ticker_read_us
 .text.ticker_read
                0x10040ebc        0x8 ./BUILD/STEVAL_IDB007V1/GCC_ARM/mbed-os/hal/mbed_ticker_api.o
                0x10040ebc                ticker_read
 .text.get_us_ticker_data
                0x10040ec4        0x8 ./BUILD/STEVAL_IDB007V1/GCC_ARM/mbed-os/hal/mbed_us_ticker_api.o
                0x10040ec4                get_us_ticker_data
 .text._ZN4mbed8FileBase11getPathTypeEv
                0x10040ecc        0x4 ./BUILD/STEVAL_IDB007V1/GCC_ARM/mbed-os/platform/FileBase.o
                0x10040ecc                mbed::FileBase::getPathType()
 .text._ZN4mbed8FileBaseC2EPKcNS_8PathTypeE
                0x10040ed0       0x50 ./BUILD/STEVAL_IDB007V1/GCC_ARM/mbed-os/platform/FileBase.o
                0x10040ed0                mbed::FileBase::FileBase(char const*, mbed::PathType)
                0x10040ed0                mbed::FileBase::FileBase(char const*, mbed::PathType)
 .text._ZN4mbed8FileBaseD2Ev
                0x10040f20       0x60 ./BUILD/STEVAL_IDB007V1/GCC_ARM/mbed-os/platform/FileBase.o
                0x10040f20                mbed::FileBase::~FileBase()
                0x10040f20                mbed::FileBase::~FileBase()
 .text._ZN4mbed8FileBaseD0Ev
                0x10040f80       0x12 ./BUILD/STEVAL_IDB007V1/GCC_ARM/mbed-os/platform/FileBase.o
                0x10040f80                mbed::FileBase::~FileBase()
 *fill*         0x10040f92        0x2 
 .text._ZN4mbed8FileBase6lookupEPKcj
                0x10040f94       0x54 ./BUILD/STEVAL_IDB007V1/GCC_ARM/mbed-os/platform/FileBase.o
                0x10040f94                mbed::FileBase::lookup(char const*, unsigned int)
 .text._ZN4mbed10FileHandle4syncEv
                0x10040fe8        0x4 ./BUILD/STEVAL_IDB007V1/GCC_ARM/mbed-os/platform/FileHandle.o
                0x10040fe8                mbed::FileHandle::sync()
 .text._ZN4mbed10FileHandle6isattyEv
                0x10040fec        0x4 ./BUILD/STEVAL_IDB007V1/GCC_ARM/mbed-os/platform/FileHandle.o
                0x10040fec                mbed::FileHandle::isatty()
 .text._ZN4mbed10FileHandle4tellEv
                0x10040ff0        0xe ./BUILD/STEVAL_IDB007V1/GCC_ARM/mbed-os/platform/FileHandle.o
                0x10040ff0                mbed::FileHandle::tell()
 .text._ZN4mbed10FileHandle6rewindEv
                0x10040ffe        0xe ./BUILD/STEVAL_IDB007V1/GCC_ARM/mbed-os/platform/FileHandle.o
                0x10040ffe                mbed::FileHandle::rewind()
 .text._ZN4mbed10FileHandle4sizeEv
                0x1004100c       0x32 ./BUILD/STEVAL_IDB007V1/GCC_ARM/mbed-os/platform/FileHandle.o
                0x1004100c                mbed::FileHandle::size()
 .text._ZN4mbed6fdopenEPNS_10FileHandleEPKc
                0x1004103e        0x8 ./BUILD/STEVAL_IDB007V1/GCC_ARM/mbed-os/platform/FileHandle.o
                0x1004103e                mbed::fdopen(mbed::FileHandle*, char const*)
 .text._ZN4mbed8FilePathC2EPKc
                0x10041046       0x3e ./BUILD/STEVAL_IDB007V1/GCC_ARM/mbed-os/platform/FilePath.o
                0x10041046                mbed::FilePath::FilePath(char const*)
                0x10041046                mbed::FilePath::FilePath(char const*)
 .text._ZN4mbed8FilePath8fileNameEv
                0x10041084        0x4 ./BUILD/STEVAL_IDB007V1/GCC_ARM/mbed-os/platform/FilePath.o
                0x10041084                mbed::FilePath::fileName()
 .text._ZN4mbed8FilePath12isFileSystemEv
                0x10041088       0x16 ./BUILD/STEVAL_IDB007V1/GCC_ARM/mbed-os/platform/FilePath.o
                0x10041088                mbed::FilePath::isFileSystem()
 .text._ZN4mbed8FilePath10fileSystemEv
                0x1004109e       0x18 ./BUILD/STEVAL_IDB007V1/GCC_ARM/mbed-os/platform/FilePath.o
                0x1004109e                mbed::FilePath::fileSystem()
 .text._ZN4mbed8FilePath6isFileEv
                0x100410b6       0x14 ./BUILD/STEVAL_IDB007V1/GCC_ARM/mbed-os/platform/FilePath.o
                0x100410b6                mbed::FilePath::isFile()
 .text._ZN4mbed8FilePath4fileEv
                0x100410ca       0x18 ./BUILD/STEVAL_IDB007V1/GCC_ARM/mbed-os/platform/FilePath.o
                0x100410ca                mbed::FilePath::file()
 .text._ZN4mbed8FilePath6existsEv
                0x100410e2        0xa ./BUILD/STEVAL_IDB007V1/GCC_ARM/mbed-os/platform/FilePath.o
                0x100410e2                mbed::FilePath::exists()
 .text._ZN4mbed6Stream4lockEv
                0x100410ec        0x2 ./BUILD/STEVAL_IDB007V1/GCC_ARM/mbed-os/platform/Stream.o
                0x100410ec                mbed::Stream::lock()
 .text._ZN4mbed6Stream6unlockEv
                0x100410ee        0x2 ./BUILD/STEVAL_IDB007V1/GCC_ARM/mbed-os/platform/Stream.o
                0x100410ee                mbed::Stream::unlock()
 .text._ZN4mbed6Stream5writeEPKvj
                0x100410f0       0x36 ./BUILD/STEVAL_IDB007V1/GCC_ARM/mbed-os/platform/Stream.o
                0x100410f0                mbed::Stream::write(void const*, unsigned int)
 .text._ZN4mbed6Stream4readEPvj
                0x10041126       0x32 ./BUILD/STEVAL_IDB007V1/GCC_ARM/mbed-os/platform/Stream.o
                0x10041126                mbed::Stream::read(void*, unsigned int)
 .text._ZN4mbed6Stream4seekEli
                0x10041158        0x4 ./BUILD/STEVAL_IDB007V1/GCC_ARM/mbed-os/platform/Stream.o
                0x10041158                mbed::Stream::seek(long, int)
 .text._ZN4mbed6Stream6rewindEv
                0x1004115c        0x2 ./BUILD/STEVAL_IDB007V1/GCC_ARM/mbed-os/platform/Stream.o
                0x1004115c                mbed::Stream::rewind()
 .text._ZN4mbed6Stream4syncEv
                0x1004115e        0x4 ./BUILD/STEVAL_IDB007V1/GCC_ARM/mbed-os/platform/Stream.o
                0x1004115e                mbed::Stream::isatty()
                0x1004115e                mbed::Stream::sync()
                0x1004115e                mbed::Stream::close()
 .text._ZN4mbed6Stream4sizeEv
                0x10041162        0x4 ./BUILD/STEVAL_IDB007V1/GCC_ARM/mbed-os/platform/Stream.o
                0x10041162                mbed::Stream::tell()
                0x10041162                mbed::Stream::size()
 *fill*         0x10041166        0x2 
 .text._ZN4mbed8FileLikeD2Ev
                0x10041168       0x30 ./BUILD/STEVAL_IDB007V1/GCC_ARM/mbed-os/platform/Stream.o
                0x10041168                mbed::FileLike::~FileLike()
                0x10041168                mbed::FileLike::~FileLike()
                0x10041188                non-virtual thunk to mbed::FileLike::~FileLike()
 .text._ZN4mbed8FileLikeD0Ev
                0x10041198       0x24 ./BUILD/STEVAL_IDB007V1/GCC_ARM/mbed-os/platform/Stream.o
                0x10041198                mbed::FileLike::~FileLike()
                0x100411aa                non-virtual thunk to mbed::FileLike::~FileLike()
 .text._ZN4mbed6StreamC2EPKc
                0x100411bc       0x54 ./BUILD/STEVAL_IDB007V1/GCC_ARM/mbed-os/platform/Stream.o
                0x100411bc                mbed::Stream::Stream(char const*)
                0x100411bc                mbed::Stream::Stream(char const*)
 .text._ZN4mbed6StreamD2Ev
                0x10041210       0x24 ./BUILD/STEVAL_IDB007V1/GCC_ARM/mbed-os/platform/Stream.o
                0x10041210                mbed::Stream::~Stream()
                0x10041210                mbed::Stream::~Stream()
 .text._ZN4mbed6Stream4getcEv
                0x10041234       0x24 ./BUILD/STEVAL_IDB007V1/GCC_ARM/mbed-os/platform/Stream.o
                0x10041234                mbed::Stream::getc()
 .text._ZN4mbed6Stream6printfEPKcz
                0x10041258       0x36 ./BUILD/STEVAL_IDB007V1/GCC_ARM/mbed-os/platform/Stream.o
                0x10041258                mbed::Stream::printf(char const*, ...)
 .text.__wrap__malloc_r
                0x1004128e        0x8 ./BUILD/STEVAL_IDB007V1/GCC_ARM/mbed-os/platform/mbed_alloc_wrappers.o
                0x1004128e                __wrap__malloc_r
 .text.__wrap__realloc_r
                0x10041296        0x8 ./BUILD/STEVAL_IDB007V1/GCC_ARM/mbed-os/platform/mbed_alloc_wrappers.o
                0x10041296                __wrap__realloc_r
 .text.__wrap__free_r
                0x1004129e        0x8 ./BUILD/STEVAL_IDB007V1/GCC_ARM/mbed-os/platform/mbed_alloc_wrappers.o
                0x1004129e                __wrap__free_r
 .text.__wrap__calloc_r
                0x100412a6        0x8 ./BUILD/STEVAL_IDB007V1/GCC_ARM/mbed-os/platform/mbed_alloc_wrappers.o
                0x100412a6                __wrap__calloc_r
 *fill*         0x100412ae        0x2 
 .text.mbed_assert_internal
                0x100412b0       0x24 ./BUILD/STEVAL_IDB007V1/GCC_ARM/mbed-os/platform/mbed_assert.o
                0x100412b0                mbed_assert_internal
 .text.mbed_die
                0x100412d4       0x60 ./BUILD/STEVAL_IDB007V1/GCC_ARM/mbed-os/platform/mbed_board.o
                0x100412d4                mbed_die
 .text.mbed_error_vfprintf
                0x10041334       0x54 ./BUILD/STEVAL_IDB007V1/GCC_ARM/mbed-os/platform/mbed_board.o
                0x10041334                mbed_error_vfprintf
 .text.mbed_error_printf
                0x10041388       0x16 ./BUILD/STEVAL_IDB007V1/GCC_ARM/mbed-os/platform/mbed_board.o
                0x10041388                mbed_error_printf
 .text.core_util_are_interrupts_enabled
                0x1004139e        0xa ./BUILD/STEVAL_IDB007V1/GCC_ARM/mbed-os/platform/mbed_critical.o
                0x1004139e                core_util_are_interrupts_enabled
 .text.core_util_critical_section_enter
                0x100413a8       0x5c ./BUILD/STEVAL_IDB007V1/GCC_ARM/mbed-os/platform/mbed_critical.o
                0x100413a8                core_util_critical_section_enter
 .text.core_util_critical_section_exit
                0x10041404       0x44 ./BUILD/STEVAL_IDB007V1/GCC_ARM/mbed-os/platform/mbed_critical.o
                0x10041404                core_util_critical_section_exit
 .text.error    0x10041448       0x2c ./BUILD/STEVAL_IDB007V1/GCC_ARM/mbed-os/platform/mbed_error.o
                0x10041448                error
 .text._ZL11init_serialv
                0x10041474       0x2c ./BUILD/STEVAL_IDB007V1/GCC_ARM/mbed-os/platform/mbed_retarget.o
 .text._close   0x100414a0       0x40 ./BUILD/STEVAL_IDB007V1/GCC_ARM/mbed-os/platform/mbed_retarget.o
                0x100414a0                _close
 .text._write   0x100414e0       0x64 ./BUILD/STEVAL_IDB007V1/GCC_ARM/mbed-os/platform/mbed_retarget.o
                0x100414e0                _write
 .text._read    0x10041544       0x5c ./BUILD/STEVAL_IDB007V1/GCC_ARM/mbed-os/platform/mbed_retarget.o
                0x10041544                _read
 .text._isatty  0x100415a0       0x3c ./BUILD/STEVAL_IDB007V1/GCC_ARM/mbed-os/platform/mbed_retarget.o
                0x100415a0                _isatty
 .text._lseek   0x100415dc       0x44 ./BUILD/STEVAL_IDB007V1/GCC_ARM/mbed-os/platform/mbed_retarget.o
                0x100415dc                _lseek
 .text._fstat   0x10041620       0x54 ./BUILD/STEVAL_IDB007V1/GCC_ARM/mbed-os/platform/mbed_retarget.o
                0x10041620                _fstat
 .text.__cxa_pure_virtual
                0x10041674        0x8 ./BUILD/STEVAL_IDB007V1/GCC_ARM/mbed-os/platform/mbed_retarget.o
                0x10041674                __cxa_pure_virtual
 .text._sbrk    0x1004167c       0x44 ./BUILD/STEVAL_IDB007V1/GCC_ARM/mbed-os/platform/mbed_retarget.o
                0x1004167c                _sbrk
 .text._exit    0x100416c0        0xc ./BUILD/STEVAL_IDB007V1/GCC_ARM/mbed-os/platform/mbed_retarget.o
                0x100416c0                _exit
 .text.__aeabi_atexit
                0x100416cc        0x4 ./BUILD/STEVAL_IDB007V1/GCC_ARM/mbed-os/platform/mbed_retarget.o
                0x100416cc                __aeabi_atexit
 .text.__wrap_exit
                0x100416d0        0x6 ./BUILD/STEVAL_IDB007V1/GCC_ARM/mbed-os/platform/mbed_retarget.o
                0x100416d0                __wrap_exit
 .text.__wrap_atexit
                0x100416d6        0x4 ./BUILD/STEVAL_IDB007V1/GCC_ARM/mbed-os/platform/mbed_retarget.o
                0x100416d6                __wrap_atexit
 .text._ZN4mbed26mbed_set_unbuffered_streamEP7__sFILE
                0x100416da        0xa ./BUILD/STEVAL_IDB007V1/GCC_ARM/mbed-os/platform/mbed_retarget.o
                0x100416da                mbed::mbed_set_unbuffered_stream(__sFILE*)
 .text._ZN4mbed11mbed_fdopenEPNS_10FileHandleEPKc
                0x100416e4       0x3e ./BUILD/STEVAL_IDB007V1/GCC_ARM/mbed-os/platform/mbed_retarget.o
                0x100416e4                mbed::mbed_fdopen(mbed::FileHandle*, char const*)
 .text._ZN4mbed9mbed_getcEP7__sFILE
                0x10041722        0x8 ./BUILD/STEVAL_IDB007V1/GCC_ARM/mbed-os/platform/mbed_retarget.o
                0x10041722                mbed::mbed_getc(__sFILE*)
 .text.__malloc_lock
                0x1004172a        0x8 ./BUILD/STEVAL_IDB007V1/GCC_ARM/mbed-os/platform/mbed_retarget.o
                0x1004172a                __malloc_lock
 .text.__malloc_unlock
                0x10041732        0x8 ./BUILD/STEVAL_IDB007V1/GCC_ARM/mbed-os/platform/mbed_retarget.o
                0x10041732                __malloc_unlock
 .text._ZdaPv   0x1004173a        0xc ./BUILD/STEVAL_IDB007V1/GCC_ARM/mbed-os/platform/mbed_retarget.o
                0x1004173a                operator delete[](void*)
 .text._ZdlPv   0x10041746        0x8 ./BUILD/STEVAL_IDB007V1/GCC_ARM/mbed-os/platform/mbed_retarget.o
                0x10041746                operator delete(void*)
 *fill*         0x1004174e        0x2 
 .text.us_ticker_get_info
                0x10041750        0x8 ./BUILD/STEVAL_IDB007V1/GCC_ARM/mbed-os/platform/mbed_retarget.o
                0x10041750                us_ticker_get_info
 .text._ZN4mbed17remove_filehandleEPNS_10FileHandleE
                0x10041758       0x40 ./BUILD/STEVAL_IDB007V1/GCC_ARM/mbed-os/platform/mbed_retarget.o
                0x10041758                mbed::remove_filehandle(mbed::FileHandle*)
 .text._open    0x10041798      0x13c ./BUILD/STEVAL_IDB007V1/GCC_ARM/mbed-os/platform/mbed_retarget.o
                0x10041798                _open
 .text.wait_us  0x100418d4       0x44 ./BUILD/STEVAL_IDB007V1/GCC_ARM/mbed-os/platform/mbed_wait_api_rtos.o
                0x100418d4                wait_us
 .text.wait_ms  0x10041918        0xe ./BUILD/STEVAL_IDB007V1/GCC_ARM/mbed-os/platform/mbed_wait_api_rtos.o
                0x10041918                wait_ms
 *fill*         0x10041926        0x2 
 .text._ZN4rtos5Mutex11constructorEPKc
                0x10041928       0x54 ./BUILD/STEVAL_IDB007V1/GCC_ARM/mbed-os/rtos/Mutex.o
                0x10041928                rtos::Mutex::constructor(char const*)
 .text._ZN4rtos5MutexC2Ev
                0x1004197c       0x10 ./BUILD/STEVAL_IDB007V1/GCC_ARM/mbed-os/rtos/Mutex.o
                0x1004197c                rtos::Mutex::Mutex()
                0x1004197c                rtos::Mutex::Mutex()
 .text._ZN4rtos5Mutex4lockEm
                0x1004198c       0x16 ./BUILD/STEVAL_IDB007V1/GCC_ARM/mbed-os/rtos/Mutex.o
                0x1004198c                rtos::Mutex::lock(unsigned long)
 .text._ZN4rtos5Mutex6unlockEv
                0x100419a2       0x10 ./BUILD/STEVAL_IDB007V1/GCC_ARM/mbed-os/rtos/Mutex.o
                0x100419a2                rtos::Mutex::unlock()
 .text._ZN4rtos5MutexD2Ev
                0x100419b2        0xe ./BUILD/STEVAL_IDB007V1/GCC_ARM/mbed-os/rtos/Mutex.o
                0x100419b2                rtos::Mutex::~Mutex()
                0x100419b2                rtos::Mutex::~Mutex()
 .text.pre_main
                0x100419c0       0x88 ./BUILD/STEVAL_IDB007V1/GCC_ARM/mbed-os/rtos/TARGET_CORTEX/mbed_boot.o
                0x100419c0                pre_main
 .text.mbed_set_stack_heap
                0x10041a48       0x40 ./BUILD/STEVAL_IDB007V1/GCC_ARM/mbed-os/rtos/TARGET_CORTEX/mbed_boot.o
                0x10041a48                mbed_set_stack_heap
 .text.mbed_main
                0x10041a88        0x2 ./BUILD/STEVAL_IDB007V1/GCC_ARM/mbed-os/rtos/TARGET_CORTEX/mbed_boot.o
                0x10041a88                mbed_main
 *fill*         0x10041a8a        0x2 
 .text.mbed_start_main
                0x10041a8c       0x50 ./BUILD/STEVAL_IDB007V1/GCC_ARM/mbed-os/rtos/TARGET_CORTEX/mbed_boot.o
                0x10041a8c                mbed_start_main
 .text.__wrap_main
                0x10041adc        0xc ./BUILD/STEVAL_IDB007V1/GCC_ARM/mbed-os/rtos/TARGET_CORTEX/mbed_boot.o
                0x10041adc                __wrap_main
 .text.software_init_hook
                0x10041ae8       0x14 ./BUILD/STEVAL_IDB007V1/GCC_ARM/mbed-os/rtos/TARGET_CORTEX/mbed_boot.o
                0x10041ae8                software_init_hook
 .text.__rtos_malloc_lock
                0x10041afc       0x14 ./BUILD/STEVAL_IDB007V1/GCC_ARM/mbed-os/rtos/TARGET_CORTEX/mbed_boot.o
                0x10041afc                __rtos_malloc_lock
 .text.__rtos_malloc_unlock
                0x10041b10       0x10 ./BUILD/STEVAL_IDB007V1/GCC_ARM/mbed-os/rtos/TARGET_CORTEX/mbed_boot.o
                0x10041b10                __rtos_malloc_unlock
 .text.osRtxIdleThread
                0x10041b20        0x8 ./BUILD/STEVAL_IDB007V1/GCC_ARM/mbed-os/rtos/TARGET_CORTEX/mbed_rtx_handlers.o
                0x10041b20                osRtxIdleThread
 .text.osRtxErrorNotify
                0x10041b28       0x80 ./BUILD/STEVAL_IDB007V1/GCC_ARM/mbed-os/rtos/TARGET_CORTEX/mbed_rtx_handlers.o
                0x10041b28                osRtxErrorNotify
 .text.EvrRtxThreadExit
                0x10041ba8        0xc ./BUILD/STEVAL_IDB007V1/GCC_ARM/mbed-os/rtos/TARGET_CORTEX/mbed_rtx_handlers.o
                0x10041ba8                EvrRtxThreadExit
 .text._ZL17default_idle_hookv
                0x10041bb4       0x14 ./BUILD/STEVAL_IDB007V1/GCC_ARM/mbed-os/rtos/TARGET_CORTEX/mbed_rtx_idle.o
 .text.rtos_idle_loop
                0x10041bc8       0x10 ./BUILD/STEVAL_IDB007V1/GCC_ARM/mbed-os/rtos/TARGET_CORTEX/mbed_rtx_idle.o
                0x10041bc8                rtos_idle_loop
 .text          0x10041bd8       0x98 ./BUILD/STEVAL_IDB007V1/GCC_ARM/mbed-os/rtos/TARGET_CORTEX/rtx5/RTX/Source/TOOLCHAIN_GCC/TARGET_M0/irq_cm0.o
                0x10041bd8                SVC_Handler
                0x10041c4e                PendSV_Handler
                0x10041c5a                SysTick_Handler
 .text.svcRtxDelay
                0x10041c70       0x10 ./BUILD/STEVAL_IDB007V1/GCC_ARM/mbed-os/rtos/TARGET_CORTEX/rtx5/RTX/Source/rtx_delay.o
                0x10041c70                svcRtxDelay
 .text.osDelay  0x10041c80       0x34 ./BUILD/STEVAL_IDB007V1/GCC_ARM/mbed-os/rtos/TARGET_CORTEX/rtx5/RTX/Source/rtx_delay.o
                0x10041c80                osDelay
 .text.EvrRtxMemoryInit
                0x10041cb4        0x2 ./BUILD/STEVAL_IDB007V1/GCC_ARM/mbed-os/rtos/TARGET_CORTEX/rtx5/RTX/Source/rtx_evr.o
                0x10041cb4                EvrRtxMemoryInit
 .text.EvrRtxMemoryAlloc
                0x10041cb6        0x2 ./BUILD/STEVAL_IDB007V1/GCC_ARM/mbed-os/rtos/TARGET_CORTEX/rtx5/RTX/Source/rtx_evr.o
                0x10041cb6                EvrRtxMemoryAlloc
 .text.EvrRtxMemoryFree
                0x10041cb8        0x2 ./BUILD/STEVAL_IDB007V1/GCC_ARM/mbed-os/rtos/TARGET_CORTEX/rtx5/RTX/Source/rtx_evr.o
                0x10041cb8                EvrRtxMemoryFree
 .text.EvrRtxMemoryBlockInit
                0x10041cba        0x2 ./BUILD/STEVAL_IDB007V1/GCC_ARM/mbed-os/rtos/TARGET_CORTEX/rtx5/RTX/Source/rtx_evr.o
                0x10041cba                EvrRtxMemoryBlockInit
 .text.EvrRtxMemoryBlockAlloc
                0x10041cbc        0x2 ./BUILD/STEVAL_IDB007V1/GCC_ARM/mbed-os/rtos/TARGET_CORTEX/rtx5/RTX/Source/rtx_evr.o
                0x10041cbc                EvrRtxMemoryBlockAlloc
 .text.EvrRtxMemoryBlockFree
                0x10041cbe        0x2 ./BUILD/STEVAL_IDB007V1/GCC_ARM/mbed-os/rtos/TARGET_CORTEX/rtx5/RTX/Source/rtx_evr.o
                0x10041cbe                EvrRtxMemoryBlockFree
 .text.EvrRtxKernelError
                0x10041cc0        0x2 ./BUILD/STEVAL_IDB007V1/GCC_ARM/mbed-os/rtos/TARGET_CORTEX/rtx5/RTX/Source/rtx_evr.o
                0x10041cc0                EvrRtxKernelError
 .text.EvrRtxKernelInitialize
                0x10041cc2        0x2 ./BUILD/STEVAL_IDB007V1/GCC_ARM/mbed-os/rtos/TARGET_CORTEX/rtx5/RTX/Source/rtx_evr.o
                0x10041cc2                EvrRtxKernelInitialize
 .text.EvrRtxKernelInitializeCompleted
                0x10041cc4        0x2 ./BUILD/STEVAL_IDB007V1/GCC_ARM/mbed-os/rtos/TARGET_CORTEX/rtx5/RTX/Source/rtx_evr.o
                0x10041cc4                EvrRtxKernelInitializeCompleted
 .text.EvrRtxKernelGetState
                0x10041cc6        0x2 ./BUILD/STEVAL_IDB007V1/GCC_ARM/mbed-os/rtos/TARGET_CORTEX/rtx5/RTX/Source/rtx_evr.o
                0x10041cc6                EvrRtxKernelGetState
 .text.EvrRtxKernelStart
                0x10041cc8        0x2 ./BUILD/STEVAL_IDB007V1/GCC_ARM/mbed-os/rtos/TARGET_CORTEX/rtx5/RTX/Source/rtx_evr.o
                0x10041cc8                EvrRtxKernelStart
 .text.EvrRtxKernelStarted
                0x10041cca        0x2 ./BUILD/STEVAL_IDB007V1/GCC_ARM/mbed-os/rtos/TARGET_CORTEX/rtx5/RTX/Source/rtx_evr.o
                0x10041cca                EvrRtxKernelStarted
 .text.EvrRtxThreadError
                0x10041ccc        0x2 ./BUILD/STEVAL_IDB007V1/GCC_ARM/mbed-os/rtos/TARGET_CORTEX/rtx5/RTX/Source/rtx_evr.o
                0x10041ccc                EvrRtxThreadError
 .text.EvrRtxThreadNew
                0x10041cce        0x2 ./BUILD/STEVAL_IDB007V1/GCC_ARM/mbed-os/rtos/TARGET_CORTEX/rtx5/RTX/Source/rtx_evr.o
                0x10041cce                EvrRtxThreadNew
 .text.EvrRtxThreadCreated
                0x10041cd0        0x2 ./BUILD/STEVAL_IDB007V1/GCC_ARM/mbed-os/rtos/TARGET_CORTEX/rtx5/RTX/Source/rtx_evr.o
                0x10041cd0                EvrRtxThreadCreated
 .text.EvrRtxThreadGetName
                0x10041cd2        0x2 ./BUILD/STEVAL_IDB007V1/GCC_ARM/mbed-os/rtos/TARGET_CORTEX/rtx5/RTX/Source/rtx_evr.o
                0x10041cd2                EvrRtxThreadGetName
 .text.EvrRtxThreadGetId
                0x10041cd4        0x2 ./BUILD/STEVAL_IDB007V1/GCC_ARM/mbed-os/rtos/TARGET_CORTEX/rtx5/RTX/Source/rtx_evr.o
                0x10041cd4                EvrRtxThreadGetId
 .text.EvrRtxThreadJoined
                0x10041cd6        0x2 ./BUILD/STEVAL_IDB007V1/GCC_ARM/mbed-os/rtos/TARGET_CORTEX/rtx5/RTX/Source/rtx_evr.o
                0x10041cd6                EvrRtxThreadJoined
 .text.EvrRtxThreadBlocked
                0x10041cd8        0x2 ./BUILD/STEVAL_IDB007V1/GCC_ARM/mbed-os/rtos/TARGET_CORTEX/rtx5/RTX/Source/rtx_evr.o
                0x10041cd8                EvrRtxThreadBlocked
 .text.EvrRtxThreadUnblocked
                0x10041cda        0x2 ./BUILD/STEVAL_IDB007V1/GCC_ARM/mbed-os/rtos/TARGET_CORTEX/rtx5/RTX/Source/rtx_evr.o
                0x10041cda                EvrRtxThreadUnblocked
 .text.EvrRtxThreadSwitch
                0x10041cdc        0x2 ./BUILD/STEVAL_IDB007V1/GCC_ARM/mbed-os/rtos/TARGET_CORTEX/rtx5/RTX/Source/rtx_evr.o
                0x10041cdc                EvrRtxThreadSwitch
 .text.EvrRtxThreadDestroyed
                0x10041cde        0x2 ./BUILD/STEVAL_IDB007V1/GCC_ARM/mbed-os/rtos/TARGET_CORTEX/rtx5/RTX/Source/rtx_evr.o
                0x10041cde                EvrRtxThreadDestroyed
 .text.EvrRtxThreadFlagsWaitTimeout
                0x10041ce0        0x2 ./BUILD/STEVAL_IDB007V1/GCC_ARM/mbed-os/rtos/TARGET_CORTEX/rtx5/RTX/Source/rtx_evr.o
                0x10041ce0                EvrRtxThreadFlagsWaitTimeout
 .text.EvrRtxThreadFlagsWaitCompleted
                0x10041ce2        0x2 ./BUILD/STEVAL_IDB007V1/GCC_ARM/mbed-os/rtos/TARGET_CORTEX/rtx5/RTX/Source/rtx_evr.o
                0x10041ce2                EvrRtxThreadFlagsWaitCompleted
 .text.EvrRtxThreadDelay
                0x10041ce4        0x2 ./BUILD/STEVAL_IDB007V1/GCC_ARM/mbed-os/rtos/TARGET_CORTEX/rtx5/RTX/Source/rtx_evr.o
                0x10041ce4                EvrRtxThreadDelay
 .text.EvrRtxThreadDelayCompleted
                0x10041ce6        0x2 ./BUILD/STEVAL_IDB007V1/GCC_ARM/mbed-os/rtos/TARGET_CORTEX/rtx5/RTX/Source/rtx_evr.o
                0x10041ce6                EvrRtxThreadDelayCompleted
 .text.EvrRtxTimerCallback
                0x10041ce8        0x2 ./BUILD/STEVAL_IDB007V1/GCC_ARM/mbed-os/rtos/TARGET_CORTEX/rtx5/RTX/Source/rtx_evr.o
                0x10041ce8                EvrRtxTimerCallback
 .text.EvrRtxEventFlagsWaitTimeout
                0x10041cea        0x2 ./BUILD/STEVAL_IDB007V1/GCC_ARM/mbed-os/rtos/TARGET_CORTEX/rtx5/RTX/Source/rtx_evr.o
                0x10041cea                EvrRtxEventFlagsWaitTimeout
 .text.EvrRtxMutexError
                0x10041cec        0x2 ./BUILD/STEVAL_IDB007V1/GCC_ARM/mbed-os/rtos/TARGET_CORTEX/rtx5/RTX/Source/rtx_evr.o
                0x10041cec                EvrRtxMutexError
 .text.EvrRtxMutexNew
                0x10041cee        0x2 ./BUILD/STEVAL_IDB007V1/GCC_ARM/mbed-os/rtos/TARGET_CORTEX/rtx5/RTX/Source/rtx_evr.o
                0x10041cee                EvrRtxMutexNew
 .text.EvrRtxMutexCreated
                0x10041cf0        0x2 ./BUILD/STEVAL_IDB007V1/GCC_ARM/mbed-os/rtos/TARGET_CORTEX/rtx5/RTX/Source/rtx_evr.o
                0x10041cf0                EvrRtxMutexCreated
 .text.EvrRtxMutexAcquire
                0x10041cf2        0x2 ./BUILD/STEVAL_IDB007V1/GCC_ARM/mbed-os/rtos/TARGET_CORTEX/rtx5/RTX/Source/rtx_evr.o
                0x10041cf2                EvrRtxMutexAcquire
 .text.EvrRtxMutexAcquirePending
                0x10041cf4        0x2 ./BUILD/STEVAL_IDB007V1/GCC_ARM/mbed-os/rtos/TARGET_CORTEX/rtx5/RTX/Source/rtx_evr.o
                0x10041cf4                EvrRtxMutexAcquirePending
 .text.EvrRtxMutexAcquireTimeout
                0x10041cf6        0x2 ./BUILD/STEVAL_IDB007V1/GCC_ARM/mbed-os/rtos/TARGET_CORTEX/rtx5/RTX/Source/rtx_evr.o
                0x10041cf6                EvrRtxMutexAcquireTimeout
 .text.EvrRtxMutexAcquired
                0x10041cf8        0x2 ./BUILD/STEVAL_IDB007V1/GCC_ARM/mbed-os/rtos/TARGET_CORTEX/rtx5/RTX/Source/rtx_evr.o
                0x10041cf8                EvrRtxMutexAcquired
 .text.EvrRtxMutexNotAcquired
                0x10041cfa        0x2 ./BUILD/STEVAL_IDB007V1/GCC_ARM/mbed-os/rtos/TARGET_CORTEX/rtx5/RTX/Source/rtx_evr.o
                0x10041cfa                EvrRtxMutexNotAcquired
 .text.EvrRtxMutexRelease
                0x10041cfc        0x2 ./BUILD/STEVAL_IDB007V1/GCC_ARM/mbed-os/rtos/TARGET_CORTEX/rtx5/RTX/Source/rtx_evr.o
                0x10041cfc                EvrRtxMutexRelease
 .text.EvrRtxMutexReleased
                0x10041cfe        0x2 ./BUILD/STEVAL_IDB007V1/GCC_ARM/mbed-os/rtos/TARGET_CORTEX/rtx5/RTX/Source/rtx_evr.o
                0x10041cfe                EvrRtxMutexReleased
 .text.EvrRtxMutexDelete
                0x10041d00        0x2 ./BUILD/STEVAL_IDB007V1/GCC_ARM/mbed-os/rtos/TARGET_CORTEX/rtx5/RTX/Source/rtx_evr.o
                0x10041d00                EvrRtxMutexDelete
 .text.EvrRtxMutexDestroyed
                0x10041d02        0x2 ./BUILD/STEVAL_IDB007V1/GCC_ARM/mbed-os/rtos/TARGET_CORTEX/rtx5/RTX/Source/rtx_evr.o
                0x10041d02                EvrRtxMutexDestroyed
 .text.EvrRtxSemaphoreAcquireTimeout
                0x10041d04        0x2 ./BUILD/STEVAL_IDB007V1/GCC_ARM/mbed-os/rtos/TARGET_CORTEX/rtx5/RTX/Source/rtx_evr.o
                0x10041d04                EvrRtxSemaphoreAcquireTimeout
 .text.EvrRtxMemoryPoolAllocTimeout
                0x10041d06        0x2 ./BUILD/STEVAL_IDB007V1/GCC_ARM/mbed-os/rtos/TARGET_CORTEX/rtx5/RTX/Source/rtx_evr.o
                0x10041d06                EvrRtxMemoryPoolAllocTimeout
 .text.EvrRtxMessageQueueError
                0x10041d08        0x2 ./BUILD/STEVAL_IDB007V1/GCC_ARM/mbed-os/rtos/TARGET_CORTEX/rtx5/RTX/Source/rtx_evr.o
                0x10041d08                EvrRtxMessageQueueError
 .text.EvrRtxMessageQueueNew
                0x10041d0a        0x2 ./BUILD/STEVAL_IDB007V1/GCC_ARM/mbed-os/rtos/TARGET_CORTEX/rtx5/RTX/Source/rtx_evr.o
                0x10041d0a                EvrRtxMessageQueueNew
 .text.EvrRtxMessageQueueCreated
                0x10041d0c        0x2 ./BUILD/STEVAL_IDB007V1/GCC_ARM/mbed-os/rtos/TARGET_CORTEX/rtx5/RTX/Source/rtx_evr.o
                0x10041d0c                EvrRtxMessageQueueCreated
 .text.EvrRtxMessageQueuePut
                0x10041d0e        0x2 ./BUILD/STEVAL_IDB007V1/GCC_ARM/mbed-os/rtos/TARGET_CORTEX/rtx5/RTX/Source/rtx_evr.o
                0x10041d0e                EvrRtxMessageQueuePut
 .text.EvrRtxMessageQueuePutPending
                0x10041d10        0x2 ./BUILD/STEVAL_IDB007V1/GCC_ARM/mbed-os/rtos/TARGET_CORTEX/rtx5/RTX/Source/rtx_evr.o
                0x10041d10                EvrRtxMessageQueuePutPending
 .text.EvrRtxMessageQueuePutTimeout
                0x10041d12        0x2 ./BUILD/STEVAL_IDB007V1/GCC_ARM/mbed-os/rtos/TARGET_CORTEX/rtx5/RTX/Source/rtx_evr.o
                0x10041d12                EvrRtxMessageQueuePutTimeout
 .text.EvrRtxMessageQueueInsertPending
                0x10041d14        0x2 ./BUILD/STEVAL_IDB007V1/GCC_ARM/mbed-os/rtos/TARGET_CORTEX/rtx5/RTX/Source/rtx_evr.o
                0x10041d14                EvrRtxMessageQueueInsertPending
 .text.EvrRtxMessageQueueInserted
                0x10041d16        0x2 ./BUILD/STEVAL_IDB007V1/GCC_ARM/mbed-os/rtos/TARGET_CORTEX/rtx5/RTX/Source/rtx_evr.o
                0x10041d16                EvrRtxMessageQueueInserted
 .text.EvrRtxMessageQueueNotInserted
                0x10041d18        0x2 ./BUILD/STEVAL_IDB007V1/GCC_ARM/mbed-os/rtos/TARGET_CORTEX/rtx5/RTX/Source/rtx_evr.o
                0x10041d18                EvrRtxMessageQueueNotInserted
 .text.EvrRtxMessageQueueGet
                0x10041d1a        0x2 ./BUILD/STEVAL_IDB007V1/GCC_ARM/mbed-os/rtos/TARGET_CORTEX/rtx5/RTX/Source/rtx_evr.o
                0x10041d1a                EvrRtxMessageQueueGet
 .text.EvrRtxMessageQueueGetPending
                0x10041d1c        0x2 ./BUILD/STEVAL_IDB007V1/GCC_ARM/mbed-os/rtos/TARGET_CORTEX/rtx5/RTX/Source/rtx_evr.o
                0x10041d1c                EvrRtxMessageQueueGetPending
 .text.EvrRtxMessageQueueGetTimeout
                0x10041d1e        0x2 ./BUILD/STEVAL_IDB007V1/GCC_ARM/mbed-os/rtos/TARGET_CORTEX/rtx5/RTX/Source/rtx_evr.o
                0x10041d1e                EvrRtxMessageQueueGetTimeout
 .text.EvrRtxMessageQueueRetrieved
                0x10041d20        0x2 ./BUILD/STEVAL_IDB007V1/GCC_ARM/mbed-os/rtos/TARGET_CORTEX/rtx5/RTX/Source/rtx_evr.o
                0x10041d20                EvrRtxMessageQueueRetrieved
 .text.EvrRtxMessageQueueNotRetrieved
                0x10041d22        0x2 ./BUILD/STEVAL_IDB007V1/GCC_ARM/mbed-os/rtos/TARGET_CORTEX/rtx5/RTX/Source/rtx_evr.o
                0x10041d22                EvrRtxMessageQueueNotRetrieved
 .text.svcRtxKernelInitialize
                0x10041d24      0x1c0 ./BUILD/STEVAL_IDB007V1/GCC_ARM/mbed-os/rtos/TARGET_CORTEX/rtx5/RTX/Source/rtx_kernel.o
                0x10041d24                svcRtxKernelInitialize
 .text.svcRtxKernelGetState
                0x10041ee4       0x14 ./BUILD/STEVAL_IDB007V1/GCC_ARM/mbed-os/rtos/TARGET_CORTEX/rtx5/RTX/Source/rtx_kernel.o
                0x10041ee4                svcRtxKernelGetState
 .text.svcRtxKernelStart
                0x10041ef8       0xb0 ./BUILD/STEVAL_IDB007V1/GCC_ARM/mbed-os/rtos/TARGET_CORTEX/rtx5/RTX/Source/rtx_kernel.o
                0x10041ef8                svcRtxKernelStart
 .text.osKernelInitialize
                0x10041fa8       0x44 ./BUILD/STEVAL_IDB007V1/GCC_ARM/mbed-os/rtos/TARGET_CORTEX/rtx5/RTX/Source/rtx_kernel.o
                0x10041fa8                osKernelInitialize
 .text.osKernelGetState
                0x10041fec       0x38 ./BUILD/STEVAL_IDB007V1/GCC_ARM/mbed-os/rtos/TARGET_CORTEX/rtx5/RTX/Source/rtx_kernel.o
                0x10041fec                osKernelGetState
 .text.osKernelStart
                0x10042024       0x60 ./BUILD/STEVAL_IDB007V1/GCC_ARM/mbed-os/rtos/TARGET_CORTEX/rtx5/RTX/Source/rtx_kernel.o
                0x10042024                osKernelStart
 .text.osRtxMemoryInit
                0x10042084       0x3a ./BUILD/STEVAL_IDB007V1/GCC_ARM/mbed-os/rtos/TARGET_CORTEX/rtx5/RTX/Source/rtx_memory.o
                0x10042084                osRtxMemoryInit
 .text.osRtxMemoryAlloc
                0x100420be       0x72 ./BUILD/STEVAL_IDB007V1/GCC_ARM/mbed-os/rtos/TARGET_CORTEX/rtx5/RTX/Source/rtx_memory.o
                0x100420be                osRtxMemoryAlloc
 .text.osRtxMemoryFree
                0x10042130       0x52 ./BUILD/STEVAL_IDB007V1/GCC_ARM/mbed-os/rtos/TARGET_CORTEX/rtx5/RTX/Source/rtx_memory.o
                0x10042130                osRtxMemoryFree
 .text.osRtxMemoryPoolInit
                0x10042182       0x58 ./BUILD/STEVAL_IDB007V1/GCC_ARM/mbed-os/rtos/TARGET_CORTEX/rtx5/RTX/Source/rtx_mempool.o
                0x10042182                osRtxMemoryPoolInit
 .text.osRtxMemoryPoolAlloc
                0x100421da       0x42 ./BUILD/STEVAL_IDB007V1/GCC_ARM/mbed-os/rtos/TARGET_CORTEX/rtx5/RTX/Source/rtx_mempool.o
                0x100421da                osRtxMemoryPoolAlloc
 .text.osRtxMemoryPoolFree
                0x1004221c       0x4e ./BUILD/STEVAL_IDB007V1/GCC_ARM/mbed-os/rtos/TARGET_CORTEX/rtx5/RTX/Source/rtx_mempool.o
                0x1004221c                osRtxMemoryPoolFree
 .text.MessageQueuePut
                0x1004226a       0x52 ./BUILD/STEVAL_IDB007V1/GCC_ARM/mbed-os/rtos/TARGET_CORTEX/rtx5/RTX/Source/rtx_msgqueue.o
 .text.MessageQueueGet
                0x100422bc       0x3e ./BUILD/STEVAL_IDB007V1/GCC_ARM/mbed-os/rtos/TARGET_CORTEX/rtx5/RTX/Source/rtx_msgqueue.o
 .text.MessageQueueRemove
                0x100422fa       0x1c ./BUILD/STEVAL_IDB007V1/GCC_ARM/mbed-os/rtos/TARGET_CORTEX/rtx5/RTX/Source/rtx_msgqueue.o
 *fill*         0x10042316        0x2 
 .text.svcRtxMessageQueueNew
                0x10042318      0x158 ./BUILD/STEVAL_IDB007V1/GCC_ARM/mbed-os/rtos/TARGET_CORTEX/rtx5/RTX/Source/rtx_msgqueue.o
                0x10042318                svcRtxMessageQueueNew
 .text.svcRtxMessageQueuePut
                0x10042470       0xfc ./BUILD/STEVAL_IDB007V1/GCC_ARM/mbed-os/rtos/TARGET_CORTEX/rtx5/RTX/Source/rtx_msgqueue.o
                0x10042470                svcRtxMessageQueuePut
 .text.svcRtxMessageQueueGet
                0x1004256c      0x118 ./BUILD/STEVAL_IDB007V1/GCC_ARM/mbed-os/rtos/TARGET_CORTEX/rtx5/RTX/Source/rtx_msgqueue.o
                0x1004256c                svcRtxMessageQueueGet
 .text.osRtxMessageQueuePostProcess
                0x10042684      0x100 ./BUILD/STEVAL_IDB007V1/GCC_ARM/mbed-os/rtos/TARGET_CORTEX/rtx5/RTX/Source/rtx_msgqueue.o
                0x10042684                osRtxMessageQueuePostProcess
 .text.osMessageQueueNew
                0x10042784       0x50 ./BUILD/STEVAL_IDB007V1/GCC_ARM/mbed-os/rtos/TARGET_CORTEX/rtx5/RTX/Source/rtx_msgqueue.o
                0x10042784                osMessageQueueNew
 .text.osMessageQueuePut
                0x100427d4       0xb4 ./BUILD/STEVAL_IDB007V1/GCC_ARM/mbed-os/rtos/TARGET_CORTEX/rtx5/RTX/Source/rtx_msgqueue.o
                0x100427d4                osMessageQueuePut
 .text.osMessageQueueGet
                0x10042888       0xa8 ./BUILD/STEVAL_IDB007V1/GCC_ARM/mbed-os/rtos/TARGET_CORTEX/rtx5/RTX/Source/rtx_msgqueue.o
                0x10042888                osMessageQueueGet
 .text.svcRtxMutexNew
                0x10042930       0x90 ./BUILD/STEVAL_IDB007V1/GCC_ARM/mbed-os/rtos/TARGET_CORTEX/rtx5/RTX/Source/rtx_mutex.o
                0x10042930                svcRtxMutexNew
 .text.svcRtxMutexAcquire
                0x100429c0       0xd0 ./BUILD/STEVAL_IDB007V1/GCC_ARM/mbed-os/rtos/TARGET_CORTEX/rtx5/RTX/Source/rtx_mutex.o
                0x100429c0                svcRtxMutexAcquire
 .text.svcRtxMutexRelease
                0x10042a90       0xec ./BUILD/STEVAL_IDB007V1/GCC_ARM/mbed-os/rtos/TARGET_CORTEX/rtx5/RTX/Source/rtx_mutex.o
                0x10042a90                svcRtxMutexRelease
 .text.svcRtxMutexDelete
                0x10042b7c       0xe4 ./BUILD/STEVAL_IDB007V1/GCC_ARM/mbed-os/rtos/TARGET_CORTEX/rtx5/RTX/Source/rtx_mutex.o
                0x10042b7c                svcRtxMutexDelete
 .text.osRtxMutexOwnerRelease
                0x10042c60       0x50 ./BUILD/STEVAL_IDB007V1/GCC_ARM/mbed-os/rtos/TARGET_CORTEX/rtx5/RTX/Source/rtx_mutex.o
                0x10042c60                osRtxMutexOwnerRelease
 .text.osMutexNew
                0x10042cb0       0x48 ./BUILD/STEVAL_IDB007V1/GCC_ARM/mbed-os/rtos/TARGET_CORTEX/rtx5/RTX/Source/rtx_mutex.o
                0x10042cb0                osMutexNew
 .text.osMutexAcquire
                0x10042cf8       0x38 ./BUILD/STEVAL_IDB007V1/GCC_ARM/mbed-os/rtos/TARGET_CORTEX/rtx5/RTX/Source/rtx_mutex.o
                0x10042cf8                osMutexAcquire
 .text.osMutexRelease
                0x10042d30       0x34 ./BUILD/STEVAL_IDB007V1/GCC_ARM/mbed-os/rtos/TARGET_CORTEX/rtx5/RTX/Source/rtx_mutex.o
                0x10042d30                osMutexRelease
 .text.osMutexDelete
                0x10042d64       0x34 ./BUILD/STEVAL_IDB007V1/GCC_ARM/mbed-os/rtos/TARGET_CORTEX/rtx5/RTX/Source/rtx_mutex.o
                0x10042d64                osMutexDelete
 .text.osRtxTick_Handler
                0x10042d98       0x80 ./BUILD/STEVAL_IDB007V1/GCC_ARM/mbed-os/rtos/TARGET_CORTEX/rtx5/RTX/Source/rtx_system.o
                0x10042d98                osRtxTick_Handler
 .text.osRtxPendSV_Handler
                0x10042e18       0x88 ./BUILD/STEVAL_IDB007V1/GCC_ARM/mbed-os/rtos/TARGET_CORTEX/rtx5/RTX/Source/rtx_system.o
                0x10042e18                osRtxPendSV_Handler
 .text.osRtxPostProcess
                0x10042ea0       0x70 ./BUILD/STEVAL_IDB007V1/GCC_ARM/mbed-os/rtos/TARGET_CORTEX/rtx5/RTX/Source/rtx_system.o
                0x10042ea0                osRtxPostProcess
 .text.svcRtxThreadGetId
                0x10042f10       0x14 ./BUILD/STEVAL_IDB007V1/GCC_ARM/mbed-os/rtos/TARGET_CORTEX/rtx5/RTX/Source/rtx_thread.o
                0x10042f10                svcRtxThreadGetId
 .text.osThreadExit
                0x10042f24       0x1c ./BUILD/STEVAL_IDB007V1/GCC_ARM/mbed-os/rtos/TARGET_CORTEX/rtx5/RTX/Source/rtx_thread.o
                0x10042f24                osThreadExit
 .text.ThreadFlagsCheck.isra.2
                0x10042f40       0x58 ./BUILD/STEVAL_IDB007V1/GCC_ARM/mbed-os/rtos/TARGET_CORTEX/rtx5/RTX/Source/rtx_thread.o
 .text.osRtxThreadFree
                0x10042f98       0x54 ./BUILD/STEVAL_IDB007V1/GCC_ARM/mbed-os/rtos/TARGET_CORTEX/rtx5/RTX/Source/rtx_thread.o
 .text.svcRtxThreadGetName
                0x10042fec       0x28 ./BUILD/STEVAL_IDB007V1/GCC_ARM/mbed-os/rtos/TARGET_CORTEX/rtx5/RTX/Source/rtx_thread.o
                0x10042fec                svcRtxThreadGetName
 .text.osRtxThreadListPut
                0x10043014       0x30 ./BUILD/STEVAL_IDB007V1/GCC_ARM/mbed-os/rtos/TARGET_CORTEX/rtx5/RTX/Source/rtx_thread.o
                0x10043014                osRtxThreadListPut
 .text.osRtxThreadListGet
                0x10043044       0x18 ./BUILD/STEVAL_IDB007V1/GCC_ARM/mbed-os/rtos/TARGET_CORTEX/rtx5/RTX/Source/rtx_thread.o
                0x10043044                osRtxThreadListGet
 .text.osRtxThreadListRoot
                0x1004305c       0x10 ./BUILD/STEVAL_IDB007V1/GCC_ARM/mbed-os/rtos/TARGET_CORTEX/rtx5/RTX/Source/rtx_thread.o
                0x1004305c                osRtxThreadListRoot
 .text.osRtxThreadListRemove
                0x1004306c       0x18 ./BUILD/STEVAL_IDB007V1/GCC_ARM/mbed-os/rtos/TARGET_CORTEX/rtx5/RTX/Source/rtx_thread.o
                0x1004306c                osRtxThreadListRemove
 .text.osRtxThreadListSort
                0x10043084       0x24 ./BUILD/STEVAL_IDB007V1/GCC_ARM/mbed-os/rtos/TARGET_CORTEX/rtx5/RTX/Source/rtx_thread.o
                0x10043084                osRtxThreadListSort
 .text.osRtxThreadReadyPut
                0x100430a8       0x14 ./BUILD/STEVAL_IDB007V1/GCC_ARM/mbed-os/rtos/TARGET_CORTEX/rtx5/RTX/Source/rtx_thread.o
                0x100430a8                osRtxThreadReadyPut
 .text.osRtxThreadDelayInsert
                0x100430bc       0x64 ./BUILD/STEVAL_IDB007V1/GCC_ARM/mbed-os/rtos/TARGET_CORTEX/rtx5/RTX/Source/rtx_thread.o
                0x100430bc                osRtxThreadDelayInsert
 .text.osRtxThreadDelayRemove
                0x10043120       0x5c ./BUILD/STEVAL_IDB007V1/GCC_ARM/mbed-os/rtos/TARGET_CORTEX/rtx5/RTX/Source/rtx_thread.o
                0x10043120                osRtxThreadDelayRemove
 .text.osRtxThreadDelayTick
                0x1004317c       0xbc ./BUILD/STEVAL_IDB007V1/GCC_ARM/mbed-os/rtos/TARGET_CORTEX/rtx5/RTX/Source/rtx_thread.o
                0x1004317c                osRtxThreadDelayTick
 .text.osRtxThreadRegPtr
                0x10043238        0x6 ./BUILD/STEVAL_IDB007V1/GCC_ARM/mbed-os/rtos/TARGET_CORTEX/rtx5/RTX/Source/rtx_thread.o
                0x10043238                osRtxThreadRegPtr
 *fill*         0x1004323e        0x2 
 .text.osRtxThreadBlock
                0x10043240       0x3c ./BUILD/STEVAL_IDB007V1/GCC_ARM/mbed-os/rtos/TARGET_CORTEX/rtx5/RTX/Source/rtx_thread.o
                0x10043240                osRtxThreadBlock
 .text.osRtxThreadStackCheck
                0x1004327c       0x2c ./BUILD/STEVAL_IDB007V1/GCC_ARM/mbed-os/rtos/TARGET_CORTEX/rtx5/RTX/Source/rtx_thread.o
                0x1004327c                osRtxThreadStackCheck
 .text.osRtxThreadSwitch
                0x100432a8       0x1c ./BUILD/STEVAL_IDB007V1/GCC_ARM/mbed-os/rtos/TARGET_CORTEX/rtx5/RTX/Source/rtx_thread.o
                0x100432a8                osRtxThreadSwitch
 .text.osRtxThreadDispatch
                0x100432c4       0x64 ./BUILD/STEVAL_IDB007V1/GCC_ARM/mbed-os/rtos/TARGET_CORTEX/rtx5/RTX/Source/rtx_thread.o
                0x100432c4                osRtxThreadDispatch
 .text.osRtxThreadWaitExit
                0x10043328       0x28 ./BUILD/STEVAL_IDB007V1/GCC_ARM/mbed-os/rtos/TARGET_CORTEX/rtx5/RTX/Source/rtx_thread.o
                0x10043328                osRtxThreadWaitExit
 .text.osRtxThreadPostProcess
                0x10043350       0x30 ./BUILD/STEVAL_IDB007V1/GCC_ARM/mbed-os/rtos/TARGET_CORTEX/rtx5/RTX/Source/rtx_thread.o
                0x10043350                osRtxThreadPostProcess
 .text.svcRtxThreadNew
                0x10043380      0x22c ./BUILD/STEVAL_IDB007V1/GCC_ARM/mbed-os/rtos/TARGET_CORTEX/rtx5/RTX/Source/rtx_thread.o
                0x10043380                svcRtxThreadNew
 .text.osRtxThreadWaitEnter
                0x100435ac       0x48 ./BUILD/STEVAL_IDB007V1/GCC_ARM/mbed-os/rtos/TARGET_CORTEX/rtx5/RTX/Source/rtx_thread.o
                0x100435ac                osRtxThreadWaitEnter
 .text.svcRtxThreadExit
                0x100435f4       0x7c ./BUILD/STEVAL_IDB007V1/GCC_ARM/mbed-os/rtos/TARGET_CORTEX/rtx5/RTX/Source/rtx_thread.o
                0x100435f4                svcRtxThreadExit
 .text.osThreadContextNew
                0x10043670       0x54 ./BUILD/STEVAL_IDB007V1/GCC_ARM/mbed-os/rtos/TARGET_CORTEX/rtx5/RTX/Source/rtx_thread.o
                0x10043670                osThreadContextNew
 .text.osThreadNew
                0x100436c4        0xa ./BUILD/STEVAL_IDB007V1/GCC_ARM/mbed-os/rtos/TARGET_CORTEX/rtx5/RTX/Source/rtx_thread.o
                0x100436c4                osThreadNew
 *fill*         0x100436ce        0x2 
 .text.osThreadGetName
                0x100436d0       0x28 ./BUILD/STEVAL_IDB007V1/GCC_ARM/mbed-os/rtos/TARGET_CORTEX/rtx5/RTX/Source/rtx_thread.o
                0x100436d0                osThreadGetName
 .text.osThreadGetId
                0x100436f8       0x28 ./BUILD/STEVAL_IDB007V1/GCC_ARM/mbed-os/rtos/TARGET_CORTEX/rtx5/RTX/Source/rtx_thread.o
                0x100436f8                osThreadGetId
 .text.TimerInsert
                0x10043720       0x3c ./BUILD/STEVAL_IDB007V1/GCC_ARM/mbed-os/rtos/TARGET_CORTEX/rtx5/RTX/Source/rtx_timer.o
 .text.osRtxTimerTick
                0x1004375c       0x5c ./BUILD/STEVAL_IDB007V1/GCC_ARM/mbed-os/rtos/TARGET_CORTEX/rtx5/RTX/Source/rtx_timer.o
                0x1004375c                osRtxTimerTick
 .text.osRtxTimerThread
                0x100437b8       0x4c ./BUILD/STEVAL_IDB007V1/GCC_ARM/mbed-os/rtos/TARGET_CORTEX/rtx5/RTX/Source/rtx_timer.o
                0x100437b8                osRtxTimerThread
 .text.OS_Tick_Setup
                0x10043804       0x4c ./BUILD/STEVAL_IDB007V1/GCC_ARM/mbed-os/rtos/TARGET_CORTEX/rtx5/Source/os_systick.o
                0x10043804                OS_Tick_Setup
 .text.OS_Tick_Enable
                0x10043850       0x30 ./BUILD/STEVAL_IDB007V1/GCC_ARM/mbed-os/rtos/TARGET_CORTEX/rtx5/Source/os_systick.o
                0x10043850                OS_Tick_Enable
 .text.OS_Tick_AcknowledgeIRQ
                0x10043880        0xc ./BUILD/STEVAL_IDB007V1/GCC_ARM/mbed-os/rtos/TARGET_CORTEX/rtx5/Source/os_systick.o
                0x10043880                OS_Tick_AcknowledgeIRQ
 .text.OS_Tick_GetIRQn
                0x1004388c        0x6 ./BUILD/STEVAL_IDB007V1/GCC_ARM/mbed-os/rtos/TARGET_CORTEX/rtx5/Source/os_systick.o
                0x1004388c                OS_Tick_GetIRQn
 *fill*         0x10043892        0x2 
 .text.thread_terminate_hook
                0x10043894       0x14 ./BUILD/STEVAL_IDB007V1/GCC_ARM/mbed-os/rtos/Thread.o
                0x10043894                thread_terminate_hook
 .text._ZN4rtos6Thread4waitEm
                0x100438a8        0x8 ./BUILD/STEVAL_IDB007V1/GCC_ARM/mbed-os/rtos/Thread.o
                0x100438a8                rtos::Thread::wait(unsigned long)
 .text.Reset_Handler
                0x100438b0       0x34 ./BUILD/STEVAL_IDB007V1/GCC_ARM/mbed-os/targets/TARGET_STMBLUE/TARGET_BLUENRG1/TARGET_STEVAL_IDB007V1/device/TOOLCHAIN_GCC_ARM/startup_bluenrg1.o
                0x100438b0                Reset_Handler
 .text.Default_Handler
                0x100438e4        0x2 ./BUILD/STEVAL_IDB007V1/GCC_ARM/mbed-os/targets/TARGET_STMBLUE/TARGET_BLUENRG1/TARGET_STEVAL_IDB007V1/device/TOOLCHAIN_GCC_ARM/startup_bluenrg1.o
                0x100438e4                GPIO_IRQHandler
                0x100438e4                I2C1_IRQHandler
                0x100438e4                MFT1A_IRQHandler
                0x100438e4                WDG_IRQHandler
                0x100438e4                MFT2B_IRQHandler
                0x100438e4                MFT2A_IRQHandler
                0x100438e4                PKA_IRQHandler
                0x100438e4                I2C2_IRQHandler
                0x100438e4                RTC_IRQHandler
                0x100438e4                SPI_IRQHandler
                0x100438e4                Default_Handler
                0x100438e4                ADC_IRQHandler
                0x100438e4                BLE_IRQHandler
                0x100438e4                DMA_IRQHandler
                0x100438e4                FLASH_IRQHandler
 *fill*         0x100438e6        0x2 
 .text.DeviceConfiguration
                0x100438e8       0xbc ./BUILD/STEVAL_IDB007V1/GCC_ARM/mbed-os/targets/TARGET_STMBLUE/TARGET_BLUENRG1/TARGET_STEVAL_IDB007V1/device/system_bluenrg1.o
                0x100438e8                DeviceConfiguration
 .text.SystemInit
                0x100439a4      0x11c ./BUILD/STEVAL_IDB007V1/GCC_ARM/mbed-os/targets/TARGET_STMBLUE/TARGET_BLUENRG1/TARGET_STEVAL_IDB007V1/device/system_bluenrg1.o
                0x100439a4                SystemInit
 .text.GPIO_Init
                0x10043ac0       0xac ./BUILD/STEVAL_IDB007V1/GCC_ARM/mbed-os/targets/TARGET_STMBLUE/TARGET_BLUENRG1/device/BlueNRG1_gpio.o
                0x10043ac0                GPIO_Init
 .text.GPIO_StructInit
                0x10043b6c        0xc ./BUILD/STEVAL_IDB007V1/GCC_ARM/mbed-os/targets/TARGET_STMBLUE/TARGET_BLUENRG1/device/BlueNRG1_gpio.o
                0x10043b6c                GPIO_StructInit
 .text.GPIO_ReadBit
                0x10043b78       0x10 ./BUILD/STEVAL_IDB007V1/GCC_ARM/mbed-os/targets/TARGET_STMBLUE/TARGET_BLUENRG1/device/BlueNRG1_gpio.o
                0x10043b78                GPIO_ReadBit
 .text.GPIO_SetBits
                0x10043b88        0x8 ./BUILD/STEVAL_IDB007V1/GCC_ARM/mbed-os/targets/TARGET_STMBLUE/TARGET_BLUENRG1/device/BlueNRG1_gpio.o
                0x10043b88                GPIO_SetBits
 .text.GPIO_ResetBits
                0x10043b90        0x8 ./BUILD/STEVAL_IDB007V1/GCC_ARM/mbed-os/targets/TARGET_STMBLUE/TARGET_BLUENRG1/device/BlueNRG1_gpio.o
                0x10043b90                GPIO_ResetBits
 .text.GPIO_WriteBit
                0x10043b98       0x10 ./BUILD/STEVAL_IDB007V1/GCC_ARM/mbed-os/targets/TARGET_STMBLUE/TARGET_BLUENRG1/device/BlueNRG1_gpio.o
                0x10043b98                GPIO_WriteBit
 .text.NMI_Handler
                0x10043ba8        0x2 ./BUILD/STEVAL_IDB007V1/GCC_ARM/mbed-os/targets/TARGET_STMBLUE/TARGET_BLUENRG1/device/BlueNRG1_it.o
                0x10043ba8                NMI_Handler
 .text.HardFault_Handler
                0x10043baa        0x2 ./BUILD/STEVAL_IDB007V1/GCC_ARM/mbed-os/targets/TARGET_STMBLUE/TARGET_BLUENRG1/device/BlueNRG1_it.o
                0x10043baa                HardFault_Handler
 .text.MFT_Init
                0x10043bac       0x88 ./BUILD/STEVAL_IDB007V1/GCC_ARM/mbed-os/targets/TARGET_STMBLUE/TARGET_BLUENRG1/device/BlueNRG1_mft.o
                0x10043bac                MFT_Init
 .text.MFT_StructInit
                0x10043c34       0x10 ./BUILD/STEVAL_IDB007V1/GCC_ARM/mbed-os/targets/TARGET_STMBLUE/TARGET_BLUENRG1/device/BlueNRG1_mft.o
                0x10043c34                MFT_StructInit
 .text.MFT_Cmd  0x10043c44       0x14 ./BUILD/STEVAL_IDB007V1/GCC_ARM/mbed-os/targets/TARGET_STMBLUE/TARGET_BLUENRG1/device/BlueNRG1_mft.o
                0x10043c44                MFT_Cmd
 .text.MFT_SetCounter2
                0x10043c58        0x4 ./BUILD/STEVAL_IDB007V1/GCC_ARM/mbed-os/targets/TARGET_STMBLUE/TARGET_BLUENRG1/device/BlueNRG1_mft.o
                0x10043c58                MFT_SetCounter2
 .text.MFT_GetCounter2
                0x10043c5c        0x6 ./BUILD/STEVAL_IDB007V1/GCC_ARM/mbed-os/targets/TARGET_STMBLUE/TARGET_BLUENRG1/device/BlueNRG1_mft.o
                0x10043c5c                MFT_GetCounter2
 .text.MFT_EnableIT
                0x10043c62       0x16 ./BUILD/STEVAL_IDB007V1/GCC_ARM/mbed-os/targets/TARGET_STMBLUE/TARGET_BLUENRG1/device/BlueNRG1_mft.o
                0x10043c62                MFT_EnableIT
 .text.MFT_ClearIT
                0x10043c78        0xa ./BUILD/STEVAL_IDB007V1/GCC_ARM/mbed-os/targets/TARGET_STMBLUE/TARGET_BLUENRG1/device/BlueNRG1_mft.o
                0x10043c78                MFT_ClearIT
 .text.MFT_StatusIT
                0x10043c82        0xc ./BUILD/STEVAL_IDB007V1/GCC_ARM/mbed-os/targets/TARGET_STMBLUE/TARGET_BLUENRG1/device/BlueNRG1_mft.o
                0x10043c82                MFT_StatusIT
 *fill*         0x10043c8e        0x2 
 .text.SPI_SetBaudrate
                0x10043c90       0x4c ./BUILD/STEVAL_IDB007V1/GCC_ARM/mbed-os/targets/TARGET_STMBLUE/TARGET_BLUENRG1/device/BlueNRG1_spi.o
                0x10043c90                SPI_SetBaudrate
 .text.SPI_Init
                0x10043cdc       0x54 ./BUILD/STEVAL_IDB007V1/GCC_ARM/mbed-os/targets/TARGET_STMBLUE/TARGET_BLUENRG1/device/BlueNRG1_spi.o
                0x10043cdc                SPI_Init
 .text.SPI_Cmd  0x10043d30       0x1c ./BUILD/STEVAL_IDB007V1/GCC_ARM/mbed-os/targets/TARGET_STMBLUE/TARGET_BLUENRG1/device/BlueNRG1_spi.o
                0x10043d30                SPI_Cmd
 .text.SPI_SendData
                0x10043d4c        0xc ./BUILD/STEVAL_IDB007V1/GCC_ARM/mbed-os/targets/TARGET_STMBLUE/TARGET_BLUENRG1/device/BlueNRG1_spi.o
                0x10043d4c                SPI_SendData
 .text.SPI_ReceiveData
                0x10043d58        0xc ./BUILD/STEVAL_IDB007V1/GCC_ARM/mbed-os/targets/TARGET_STMBLUE/TARGET_BLUENRG1/device/BlueNRG1_spi.o
                0x10043d58                SPI_ReceiveData
 .text.SPI_GetFlagStatus
                0x10043d64       0x14 ./BUILD/STEVAL_IDB007V1/GCC_ARM/mbed-os/targets/TARGET_STMBLUE/TARGET_BLUENRG1/device/BlueNRG1_spi.o
                0x10043d64                SPI_GetFlagStatus
 .text.SPI_ClearRXFIFO
                0x10043d78       0x18 ./BUILD/STEVAL_IDB007V1/GCC_ARM/mbed-os/targets/TARGET_STMBLUE/TARGET_BLUENRG1/device/BlueNRG1_spi.o
                0x10043d78                SPI_ClearRXFIFO
 .text.SPI_ClearTXFIFO
                0x10043d90       0x30 ./BUILD/STEVAL_IDB007V1/GCC_ARM/mbed-os/targets/TARGET_STMBLUE/TARGET_BLUENRG1/device/BlueNRG1_spi.o
                0x10043d90                SPI_ClearTXFIFO
 .text.SPI_SetMasterCommunicationMode
                0x10043dc0       0x1c ./BUILD/STEVAL_IDB007V1/GCC_ARM/mbed-os/targets/TARGET_STMBLUE/TARGET_BLUENRG1/device/BlueNRG1_spi.o
                0x10043dc0                SPI_SetMasterCommunicationMode
 .text.SPI_SetDummyCharacter
                0x10043ddc        0xc ./BUILD/STEVAL_IDB007V1/GCC_ARM/mbed-os/targets/TARGET_STMBLUE/TARGET_BLUENRG1/device/BlueNRG1_spi.o
                0x10043ddc                SPI_SetDummyCharacter
 .text.SysCtrl_PeripheralClockCmd
                0x10043de8       0x18 ./BUILD/STEVAL_IDB007V1/GCC_ARM/mbed-os/targets/TARGET_STMBLUE/TARGET_BLUENRG1/device/BlueNRG1_sysCtrl.o
                0x10043de8                SysCtrl_PeripheralClockCmd
 .text.UART_Cmd
                0x10043e00       0x1c ./BUILD/STEVAL_IDB007V1/GCC_ARM/mbed-os/targets/TARGET_STMBLUE/TARGET_BLUENRG1/device/BlueNRG1_uart.o
                0x10043e00                UART_Cmd
 .text.UART_Init
                0x10043e1c      0x144 ./BUILD/STEVAL_IDB007V1/GCC_ARM/mbed-os/targets/TARGET_STMBLUE/TARGET_BLUENRG1/device/BlueNRG1_uart.o
                0x10043e1c                UART_Init
 .text.UART_ITConfig
                0x10043f60       0x18 ./BUILD/STEVAL_IDB007V1/GCC_ARM/mbed-os/targets/TARGET_STMBLUE/TARGET_BLUENRG1/device/BlueNRG1_uart.o
                0x10043f60                UART_ITConfig
 .text.UART_SendData
                0x10043f78       0x10 ./BUILD/STEVAL_IDB007V1/GCC_ARM/mbed-os/targets/TARGET_STMBLUE/TARGET_BLUENRG1/device/BlueNRG1_uart.o
                0x10043f78                UART_SendData
 .text.UART_ReceiveData
                0x10043f88        0xc ./BUILD/STEVAL_IDB007V1/GCC_ARM/mbed-os/targets/TARGET_STMBLUE/TARGET_BLUENRG1/device/BlueNRG1_uart.o
                0x10043f88                UART_ReceiveData
 .text.UART_GetFlagStatus
                0x10043f94       0x1c ./BUILD/STEVAL_IDB007V1/GCC_ARM/mbed-os/targets/TARGET_STMBLUE/TARGET_BLUENRG1/device/BlueNRG1_uart.o
                0x10043f94                UART_GetFlagStatus
 .text.UART_GetITStatus
                0x10043fb0       0x14 ./BUILD/STEVAL_IDB007V1/GCC_ARM/mbed-os/targets/TARGET_STMBLUE/TARGET_BLUENRG1/device/BlueNRG1_uart.o
                0x10043fb0                UART_GetITStatus
 .text.UART_ClearITPendingBit
                0x10043fc4        0xc ./BUILD/STEVAL_IDB007V1/GCC_ARM/mbed-os/targets/TARGET_STMBLUE/TARGET_BLUENRG1/device/BlueNRG1_uart.o
                0x10043fc4                UART_ClearITPendingBit
 .text.UART_RxFifoIrqLevelConfig
                0x10043fd0       0x1c ./BUILD/STEVAL_IDB007V1/GCC_ARM/mbed-os/targets/TARGET_STMBLUE/TARGET_BLUENRG1/device/BlueNRG1_uart.o
                0x10043fd0                UART_RxFifoIrqLevelConfig
 .text.NVIC_Init
                0x10043fec       0x94 ./BUILD/STEVAL_IDB007V1/GCC_ARM/mbed-os/targets/TARGET_STMBLUE/TARGET_BLUENRG1/device/misc.o
                0x10043fec                NVIC_Init
 .text.getGpioPin
                0x10044080        0xa ./BUILD/STEVAL_IDB007V1/GCC_ARM/mbed-os/targets/TARGET_STMBLUE/TARGET_BLUENRG1/pin_device.o
                0x10044080                getGpioPin
 .text.gpio_mode
                0x1004408a       0x26 ./BUILD/STEVAL_IDB007V1/GCC_ARM/mbed-os/targets/TARGET_STMBLUE/gpio_api.o
                0x1004408a                gpio_mode
 .text.gpio_dir
                0x100440b0       0x26 ./BUILD/STEVAL_IDB007V1/GCC_ARM/mbed-os/targets/TARGET_STMBLUE/gpio_api.o
                0x100440b0                gpio_dir
 .text.gpio_write
                0x100440d6       0x10 ./BUILD/STEVAL_IDB007V1/GCC_ARM/mbed-os/targets/TARGET_STMBLUE/gpio_api.o
                0x100440d6                gpio_write
 .text.gpio_init
                0x100440e6       0x2a ./BUILD/STEVAL_IDB007V1/GCC_ARM/mbed-os/targets/TARGET_STMBLUE/gpio_api.o
                0x100440e6                gpio_init
 .text.gpio_read
                0x10044110        0xe ./BUILD/STEVAL_IDB007V1/GCC_ARM/mbed-os/targets/TARGET_STMBLUE/gpio_api.o
                0x10044110                gpio_read
 .text.mbed_sdk_init
                0x1004411e        0x2 ./BUILD/STEVAL_IDB007V1/GCC_ARM/mbed-os/targets/TARGET_STMBLUE/mbed_overrides.o
                0x1004411e                mbed_sdk_init
 .text.serial_init
                0x10044120       0x7c ./BUILD/STEVAL_IDB007V1/GCC_ARM/mbed-os/targets/TARGET_STMBLUE/serial_api.o
                0x10044120                serial_init
 .text.serial_putc
                0x1004419c       0x16 ./BUILD/STEVAL_IDB007V1/GCC_ARM/mbed-os/targets/TARGET_STMBLUE/serial_api.o
                0x1004419c                serial_putc
 .text.serial_getc
                0x100441b2       0x12 ./BUILD/STEVAL_IDB007V1/GCC_ARM/mbed-os/targets/TARGET_STMBLUE/serial_api.o
                0x100441b2                serial_getc
 .text.serial_baud
                0x100441c4        0x6 ./BUILD/STEVAL_IDB007V1/GCC_ARM/mbed-os/targets/TARGET_STMBLUE/serial_api.o
                0x100441c4                serial_baud
 *fill*         0x100441ca        0x2 
 .text.serial_irq_handler
                0x100441cc       0x14 ./BUILD/STEVAL_IDB007V1/GCC_ARM/mbed-os/targets/TARGET_STMBLUE/serial_api.o
                0x100441cc                serial_irq_handler
 .text.serial_irq_set
                0x100441e0       0x28 ./BUILD/STEVAL_IDB007V1/GCC_ARM/mbed-os/targets/TARGET_STMBLUE/serial_api.o
                0x100441e0                serial_irq_set
 .text.UART_IRQHandler
                0x10044208       0x48 ./BUILD/STEVAL_IDB007V1/GCC_ARM/mbed-os/targets/TARGET_STMBLUE/serial_api.o
                0x10044208                UART_IRQHandler
 .text.spi_init
                0x10044250       0xd4 ./BUILD/STEVAL_IDB007V1/GCC_ARM/mbed-os/targets/TARGET_STMBLUE/spi_api.o
                0x10044250                spi_init
 .text.spi_format
                0x10044324       0x5a ./BUILD/STEVAL_IDB007V1/GCC_ARM/mbed-os/targets/TARGET_STMBLUE/spi_api.o
                0x10044324                spi_format
 .text.spi_frequency
                0x1004437e        0xa ./BUILD/STEVAL_IDB007V1/GCC_ARM/mbed-os/targets/TARGET_STMBLUE/spi_api.o
                0x1004437e                spi_frequency
 .text.spi_master_write
                0x10044388       0x38 ./BUILD/STEVAL_IDB007V1/GCC_ARM/mbed-os/targets/TARGET_STMBLUE/spi_api.o
                0x10044388                spi_master_write
 .text.spi_master_block_write
                0x100443c0       0x8e ./BUILD/STEVAL_IDB007V1/GCC_ARM/mbed-os/targets/TARGET_STMBLUE/spi_api.o
                0x100443c0                spi_master_block_write
 *fill*         0x1004444e        0x2 
 .text.MFT1B_IRQHandler